Archive member included because of file (symbol)

C:\eclipse\eclipse\arduinoPlugin\packages\arduino\hardware\sam\1.6.11\variants\arduino_due_x/libsam_sam3x8e_gcc_rel.a(pio.o)
                              .\libraries\SPI\src\SPI.cpp.o (PIO_Configure)
C:\eclipse\eclipse\arduinoPlugin\packages\arduino\hardware\sam\1.6.11\variants\arduino_due_x/libsam_sam3x8e_gcc_rel.a(spi.o)
                              .\libraries\SPI\src\SPI.cpp.o (SPI_Enable)
C:\eclipse\eclipse\arduinoPlugin\packages\arduino\hardware\sam\1.6.11\variants\arduino_due_x/libsam_sam3x8e_gcc_rel.a(startup_sam3xa.o)
                              (Reset_Handler)
C:\eclipse\eclipse\arduinoPlugin\packages\arduino\hardware\sam\1.6.11\variants\arduino_due_x/libsam_sam3x8e_gcc_rel.a(uotghs.o)
                              C:\eclipse\eclipse\arduinoPlugin\packages\arduino\hardware\sam\1.6.11\variants\arduino_due_x/libsam_sam3x8e_gcc_rel.a(startup_sam3xa.o) (UOTGHS_Handler)
C:\eclipse\eclipse\arduinoPlugin\packages\arduino\hardware\sam\1.6.11\variants\arduino_due_x/libsam_sam3x8e_gcc_rel.a(pmc.o)
                              C:\eclipse\eclipse\arduinoPlugin\packages\arduino\hardware\sam\1.6.11\variants\arduino_due_x/libsam_sam3x8e_gcc_rel.a(spi.o) (pmc_enable_periph_clk)
C:/Users/lukas/git/bte5511_kropl2/Software/Release/arduino.ar(variant.cpp.o)
                              C:\eclipse\eclipse\arduinoPlugin\packages\arduino\hardware\sam\1.6.11\variants\arduino_due_x/libsam_sam3x8e_gcc_rel.a(startup_sam3xa.o) (UART_Handler)
C:/Users/lukas/git/bte5511_kropl2/Software/Release/arduino.ar(Print.cpp.o)
                              .\IoLinkMaster.cpp.o (Print::print(String const&))
C:/Users/lukas/git/bte5511_kropl2/Software/Release/arduino.ar(RingBuffer.cpp.o)
                              C:/Users/lukas/git/bte5511_kropl2/Software/Release/arduino.ar(variant.cpp.o) (RingBuffer::RingBuffer())
C:/Users/lukas/git/bte5511_kropl2/Software/Release/arduino.ar(UARTClass.cpp.o)
                              C:/Users/lukas/git/bte5511_kropl2/Software/Release/arduino.ar(variant.cpp.o) (UARTClass::available())
C:/Users/lukas/git/bte5511_kropl2/Software/Release/arduino.ar(USARTClass.cpp.o)
                              C:/Users/lukas/git/bte5511_kropl2/Software/Release/arduino.ar(variant.cpp.o) (USARTClass::USARTClass(Usart*, IRQn, unsigned long, RingBuffer*, RingBuffer*))
C:/Users/lukas/git/bte5511_kropl2/Software/Release/arduino.ar(WInterrupts.c.o)
                              C:\eclipse\eclipse\arduinoPlugin\packages\arduino\hardware\sam\1.6.11\variants\arduino_due_x/libsam_sam3x8e_gcc_rel.a(startup_sam3xa.o) (PIOA_Handler)
C:/Users/lukas/git/bte5511_kropl2/Software/Release/arduino.ar(WString.cpp.o)
                              .\IoLinkMaster.cpp.o (String::~String())
C:/Users/lukas/git/bte5511_kropl2/Software/Release/arduino.ar(abi.cpp.o)
                              C:/Users/lukas/git/bte5511_kropl2/Software/Release/arduino.ar(Print.cpp.o) (__cxa_pure_virtual)
C:/Users/lukas/git/bte5511_kropl2/Software/Release/arduino.ar(cortex_handlers.c.o)
                              C:\eclipse\eclipse\arduinoPlugin\packages\arduino\hardware\sam\1.6.11\variants\arduino_due_x/libsam_sam3x8e_gcc_rel.a(startup_sam3xa.o) (NMI_Handler)
C:/Users/lukas/git/bte5511_kropl2/Software/Release/arduino.ar(hooks.c.o)
                              C:/Users/lukas/git/bte5511_kropl2/Software/Release/arduino.ar(cortex_handlers.c.o) (sysTickHook)
C:/Users/lukas/git/bte5511_kropl2/Software/Release/arduino.ar(itoa.c.o)
                              C:/Users/lukas/git/bte5511_kropl2/Software/Release/arduino.ar(WString.cpp.o) (ltoa)
C:/Users/lukas/git/bte5511_kropl2/Software/Release/arduino.ar(main.cpp.o)
                              c:/eclipse/eclipse/arduinoplugin/packages/arduino/tools/arm-none-eabi-gcc/4.8.3-2014q1/bin/../lib/gcc/arm-none-eabi/4.8.3/../../../../arm-none-eabi/lib/armv7-m/crt0.o (main)
C:/Users/lukas/git/bte5511_kropl2/Software/Release/arduino.ar(syscalls_sam3.c.o)
                              (_sbrk)
C:/Users/lukas/git/bte5511_kropl2/Software/Release/arduino.ar(watchdog.cpp.o)
                              C:/Users/lukas/git/bte5511_kropl2/Software/Release/arduino.ar(main.cpp.o) (watchdogSetup())
C:/Users/lukas/git/bte5511_kropl2/Software/Release/arduino.ar(wiring.c.o)
                              .\libraries\max14824\src\max14824.cpp.o (delay)
C:/Users/lukas/git/bte5511_kropl2/Software/Release/arduino.ar(wiring_analog.c.o)
                              C:/Users/lukas/git/bte5511_kropl2/Software/Release/arduino.ar(variant.cpp.o) (analogOutputInit)
C:/Users/lukas/git/bte5511_kropl2/Software/Release/arduino.ar(wiring_digital.c.o)
                              .\libraries\max14824\src\max14824.cpp.o (pinMode)
C:/Users/lukas/git/bte5511_kropl2/Software/Release/arduino.ar(dtostrf.c.o)
                              C:/Users/lukas/git/bte5511_kropl2/Software/Release/arduino.ar(WString.cpp.o) (dtostrf)
C:/Users/lukas/git/bte5511_kropl2/Software/Release/arduino.ar(USBCore.cpp.o)
[...]
Memory Configuration

Name             Origin             Length             Attributes
rom              0x00080000         0x00080000         xr
sram0            0x20000000         0x00010000         xrw
sram1            0x20080000         0x00008000         xrw
ram              0x20070000         0x00018000         xrw
*default*        0x00000000         0xffffffff

Linker script and memory map

LOAD c:/eclipse/eclipse/arduinoplugin/packages/arduino/tools/arm-none-eabi-gcc/4.8.3-2014q1/bin/../lib/gcc/arm-none-eabi/4.8.3/armv7-m/crti.o
LOAD c:/eclipse/eclipse/arduinoplugin/packages/arduino/tools/arm-none-eabi-gcc/4.8.3-2014q1/bin/../lib/gcc/arm-none-eabi/4.8.3/armv7-m/crtbegin.o
LOAD c:/eclipse/eclipse/arduinoplugin/packages/arduino/tools/arm-none-eabi-gcc/4.8.3-2014q1/bin/../lib/gcc/arm-none-eabi/4.8.3/../../../../arm-none-eabi/lib/armv7-m/crt0.o
START GROUP
LOAD .\IoLinkMaster.cpp.o
LOAD .\libraries\max14824\src\max14824.cpp.o
LOAD .\libraries\SPI\src\SPI.cpp.o
LOAD C:\eclipse\eclipse\arduinoPlugin\packages\arduino\hardware\sam\1.6.11\variants\arduino_due_x/libsam_sam3x8e_gcc_rel.a
LOAD C:/Users/lukas/git/bte5511_kropl2/Software/Release/arduino.ar
END GROUP
LOAD c:/eclipse/eclipse/arduinoplugin/packages/arduino/tools/arm-none-eabi-gcc/4.8.3-2014q1/bin/../lib/gcc/arm-none-eabi/4.8.3/../../../../arm-none-eabi/lib/armv7-m\libm.a
START GROUP
LOAD c:/eclipse/eclipse/arduinoplugin/packages/arduino/tools/arm-none-eabi-gcc/4.8.3-2014q1/bin/../lib/gcc/arm-none-eabi/4.8.3/armv7-m\libgcc.a
LOAD c:/eclipse/eclipse/arduinoplugin/packages/arduino/tools/arm-none-eabi-gcc/4.8.3-2014q1/bin/../lib/gcc/arm-none-eabi/4.8.3/../../../../arm-none-eabi/lib/armv7-m\libg.a
LOAD c:/eclipse/eclipse/arduinoplugin/packages/arduino/tools/arm-none-eabi-gcc/4.8.3-2014q1/bin/../lib/gcc/arm-none-eabi/4.8.3/../../../../arm-none-eabi/lib/armv7-m\libc.a
END GROUP
LOAD c:/eclipse/eclipse/arduinoplugin/packages/arduino/tools/arm-none-eabi-gcc/4.8.3-2014q1/bin/../lib/gcc/arm-none-eabi/4.8.3/armv7-m/crtend.o
LOAD c:/eclipse/eclipse/arduinoplugin/packages/arduino/tools/arm-none-eabi-gcc/4.8.3-2014q1/bin/../lib/gcc/arm-none-eabi/4.8.3/armv7-m/crtn.o

.text           0x00080000     0x63c8
                0x00080000                . = ALIGN (0x4)
                0x00080000                _sfixed = .
 *(.vectors .vectors.*)
 .vectors       0x00080000       0xf4 C:\eclipse\eclipse\arduinoPlugin\packages\arduino\hardware\sam\1.6.11\variants\arduino_due_x/libsam_sam3x8e_gcc_rel.a(startup_sam3xa.o)
                0x00080000                exception_table
 *(.text .text.* .gnu.linkonce.t.*)
 .text          0x000800f4       0x54 c:/eclipse/eclipse/arduinoplugin/packages/arduino/tools/arm-none-eabi-gcc/4.8.3-2014q1/bin/../lib/gcc/arm-none-eabi/4.8.3/armv7-m/crtbegin.o
 .text.loop     0x00080148        0x2 .\IoLinkMaster.cpp.o
                0x00080148                loop
 *fill*         0x0008014a        0x2 
 .text.setup    0x0008014c      0x1c8 .\IoLinkMaster.cpp.o
                0x0008014c                setup
 .text._Z12readRegisteriii
                0x00080314       0xb4 .\libraries\max14824\src\max14824.cpp.o
                0x00080314                readRegister(int, int, int)
 .text._ZN8MAX148245beginEiiiiiiiii
                0x000803c8       0x9c .\libraries\max14824\src\max14824.cpp.o
                0x000803c8                MAX14824::begin(int, int, int, int, int, int, int, int, int)
 .text._ZN8MAX1482410readStatusEv
                0x00080464       0x24 .\libraries\max14824\src\max14824.cpp.o
                0x00080464                MAX14824::readStatus()
 .text._ZN8MAX1482412readCqconfigEv
                0x00080488       0x24 .\libraries\max14824\src\max14824.cpp.o
                0x00080488                MAX14824::readCqconfig()
 .text._ZN8MAX1482413readDioconfigEv
                0x000804ac       0x24 .\libraries\max14824\src\max14824.cpp.o
                0x000804ac                MAX14824::readDioconfig()
 .text._ZN8MAX148248readModeEv
                0x000804d0       0x24 .\libraries\max14824\src\max14824.cpp.o
                0x000804d0                MAX14824::readMode()
 .text._ZN8MAX1482411readDigitalEv
                0x000804f4       0x70 .\libraries\max14824\src\max14824.cpp.o
                0x000804f4                MAX14824::readDigital()
 .text._ZN8MAX148249ioConnectEv
                0x00080564       0xb4 .\libraries\max14824\src\max14824.cpp.o
                0x00080564                MAX14824::ioConnect()
 .text._ZL10SPI_0_Initv
                0x00080618       0x48 .\libraries\SPI\src\SPI.cpp.o
 .text._ZN8SPIClass4initEv
                0x00080660       0x36 .\libraries\SPI\src\SPI.cpp.o
                0x00080660                SPIClass::init()
 *fill*         0x00080696        0x2 
 .text._ZN8SPIClass16beginTransactionEh11SPISettings
                0x00080698       0x98 .\libraries\SPI\src\SPI.cpp.o
                0x00080698                SPIClass::beginTransaction(unsigned char, SPISettings)
 .text._ZN8SPIClass14endTransactionEv
                0x00080730       0x50 .\libraries\SPI\src\SPI.cpp.o
                0x00080730                SPIClass::endTransaction()
 .text._ZN8SPIClass11setBitOrderEh8BitOrder
                0x00080780       0x1e .\libraries\SPI\src\SPI.cpp.o
                0x00080780                SPIClass::setBitOrder(unsigned char, BitOrder)
 .text._ZN8SPIClass11setDataModeEhh
                0x0008079e       0x34 .\libraries\SPI\src\SPI.cpp.o
                0x0008079e                SPIClass::setDataMode(unsigned char, unsigned char)
 .text._ZN8SPIClass15setClockDividerEhh
                0x000807d2       0x2e .\libraries\SPI\src\SPI.cpp.o
                0x000807d2                SPIClass::setClockDivider(unsigned char, unsigned char)
 .text._ZN8SPIClass5beginEh
                0x00080800       0x5c .\libraries\SPI\src\SPI.cpp.o
                0x00080800                SPIClass::begin(unsigned char)
 .text._ZN8SPIClass8transferEhh15SPITransferMode
                0x0008085c       0x5e .\libraries\SPI\src\SPI.cpp.o
                0x0008085c                SPIClass::transfer(unsigned char, unsigned char, SPITransferMode)
 .text._ZN8SPIClass10transfer16Eht15SPITransferMode
                0x000808ba       0x6a .\libraries\SPI\src\SPI.cpp.o
                0x000808ba                SPIClass::transfer16(unsigned char, unsigned short, SPITransferMode)
 .text.startup._GLOBAL__sub_I__ZN8SPIClassC2EP3SpimPFvvE
                0x00080924       0x24 .\libraries\SPI\src\SPI.cpp.o
 .text.PIO_PullUp
                0x00080948        0xa C:\eclipse\eclipse\arduinoPlugin\packages\arduino\hardware\sam\1.6.11\variants\arduino_due_x/libsam_sam3x8e_gcc_rel.a(pio.o)
                0x00080948                PIO_PullUp
 .text.PIO_Get  0x00080952       0x14 C:\eclipse\eclipse\arduinoPlugin\packages\arduino\hardware\sam\1.6.11\variants\arduino_due_x/libsam_sam3x8e_gcc_rel.a(pio.o)
                0x00080952                PIO_Get
 .text.PIO_SetPeripheral
                0x00080966       0x26 C:\eclipse\eclipse\arduinoPlugin\packages\arduino\hardware\sam\1.6.11\variants\arduino_due_x/libsam_sam3x8e_gcc_rel.a(pio.o)
                0x00080966                PIO_SetPeripheral
 .text.PIO_SetInput
                0x0008098c       0x26 C:\eclipse\eclipse\arduinoPlugin\packages\arduino\hardware\sam\1.6.11\variants\arduino_due_x/libsam_sam3x8e_gcc_rel.a(pio.o)
                0x0008098c                PIO_SetInput
 .text.PIO_SetOutput
                0x000809b2       0x24 C:\eclipse\eclipse\arduinoPlugin\packages\arduino\hardware\sam\1.6.11\variants\arduino_due_x/libsam_sam3x8e_gcc_rel.a(pio.o)
                0x000809b2                PIO_SetOutput
 *fill*         0x000809d6        0x2 
 .text.PIO_Configure
                0x000809d8       0x64 C:\eclipse\eclipse\arduinoPlugin\packages\arduino\hardware\sam\1.6.11\variants\arduino_due_x/libsam_sam3x8e_gcc_rel.a(pio.o)
                0x000809d8                PIO_Configure
 .text.PIO_GetOutputDataStatus
                0x00080a3c       0x14 C:\eclipse\eclipse\arduinoPlugin\packages\arduino\hardware\sam\1.6.11\variants\arduino_due_x/libsam_sam3x8e_gcc_rel.a(pio.o)
                0x00080a3c                PIO_GetOutputDataStatus
 .text.SPI_Enable
                0x00080a50        0x6 C:\eclipse\eclipse\arduinoPlugin\packages\arduino\hardware\sam\1.6.11\variants\arduino_due_x/libsam_sam3x8e_gcc_rel.a(spi.o)
                0x00080a50                SPI_Enable
 *fill*         0x00080a56        0x2 
 .text.SPI_Configure
                0x00080a58       0x20 C:\eclipse\eclipse\arduinoPlugin\packages\arduino\hardware\sam\1.6.11\variants\arduino_due_x/libsam_sam3x8e_gcc_rel.a(spi.o)
                0x00080a58                SPI_Configure
 .text.SPI_ConfigureNPCS
                0x00080a78        0x8 C:\eclipse\eclipse\arduinoPlugin\packages\arduino\hardware\sam\1.6.11\variants\arduino_due_x/libsam_sam3x8e_gcc_rel.a(spi.o)
                0x00080a78                SPI_ConfigureNPCS
 .text.Reset_Handler
                0x00080a80       0x78 C:\eclipse\eclipse\arduinoPlugin\packages\arduino\hardware\sam\1.6.11\variants\arduino_due_x/libsam_sam3x8e_gcc_rel.a(startup_sam3xa.o)
                0x00080a80                Reset_Handler
 .text.UOTGHS_Handler
                0x00080af8       0x10 C:\eclipse\eclipse\arduinoPlugin\packages\arduino\hardware\sam\1.6.11\variants\arduino_due_x/libsam_sam3x8e_gcc_rel.a(uotghs.o)
                0x00080af8                UOTGHS_Handler
 .text.pmc_enable_upll_clock
                0x00080b08       0x14 C:\eclipse\eclipse\arduinoPlugin\packages\arduino\hardware\sam\1.6.11\variants\arduino_due_x/libsam_sam3x8e_gcc_rel.a(pmc.o)
                0x00080b08                pmc_enable_upll_clock
 .text.pmc_enable_periph_clk
                0x00080b1c       0x44 C:\eclipse\eclipse\arduinoPlugin\packages\arduino\hardware\sam\1.6.11\variants\arduino_due_x/libsam_sam3x8e_gcc_rel.a(pmc.o)
                0x00080b1c                pmc_enable_periph_clk
 .text.pmc_disable_periph_clk
                0x00080b60       0x40 C:\eclipse\eclipse\arduinoPlugin\packages\arduino\hardware\sam\1.6.11\variants\arduino_due_x/libsam_sam3x8e_gcc_rel.a(pmc.o)
                0x00080b60                pmc_disable_periph_clk
 .text.pmc_switch_udpck_to_upllck
                0x00080ba0       0x14 C:\eclipse\eclipse\arduinoPlugin\packages\arduino\hardware\sam\1.6.11\variants\arduino_due_x/libsam_sam3x8e_gcc_rel.a(pmc.o)
                0x00080ba0                pmc_switch_udpck_to_upllck
 .text.pmc_enable_udpck
                0x00080bb4        0xc C:\eclipse\eclipse\arduinoPlugin\packages\arduino\hardware\sam\1.6.11\variants\arduino_due_x/libsam_sam3x8e_gcc_rel.a(pmc.o)
                0x00080bb4                pmc_enable_udpck
 .text._Z11serialEventv
                0x00080bc0        0x2 C:/Users/lukas/git/bte5511_kropl2/Software/Release/arduino.ar(variant.cpp.o)
                0x00080bc0                serialEvent()
 *fill*         0x00080bc2        0x2 
 .text.UART_Handler
                0x00080bc4        0xc C:/Users/lukas/git/bte5511_kropl2/Software/Release/arduino.ar(variant.cpp.o)
                0x00080bc4                UART_Handler
 .text._Z12serialEvent1v
                0x00080bd0        0x2 C:/Users/lukas/git/bte5511_kropl2/Software/Release/arduino.ar(variant.cpp.o)
                0x00080bd0                serialEvent1()
 .text._Z12serialEvent2v
                0x00080bd2        0x2 C:/Users/lukas/git/bte5511_kropl2/Software/Release/arduino.ar(variant.cpp.o)
                0x00080bd2                serialEvent2()
 .text._Z12serialEvent3v
                0x00080bd4        0x2 C:/Users/lukas/git/bte5511_kropl2/Software/Release/arduino.ar(variant.cpp.o)
                0x00080bd4                serialEvent3()
 *fill*         0x00080bd6        0x2 
 .text.USART0_Handler
                0x00080bd8        0xc C:/Users/lukas/git/bte5511_kropl2/Software/Release/arduino.ar(variant.cpp.o)
                0x00080bd8                USART0_Handler
 .text.USART1_Handler
                0x00080be4        0xc C:/Users/lukas/git/bte5511_kropl2/Software/Release/arduino.ar(variant.cpp.o)
                0x00080be4                USART1_Handler
 .text.USART3_Handler
                0x00080bf0        0xc C:/Users/lukas/git/bte5511_kropl2/Software/Release/arduino.ar(variant.cpp.o)
                0x00080bf0                USART3_Handler
 .text.init     0x00080bfc      0x128 C:/Users/lukas/git/bte5511_kropl2/Software/Release/arduino.ar(variant.cpp.o)
                0x00080bfc                init
 .text.startup._GLOBAL__sub_I_g_APinDescription
                0x00080d24       0xd4 C:/Users/lukas/git/bte5511_kropl2/Software/Release/arduino.ar(variant.cpp.o)
 .text._Z14serialEventRunv
                0x00080df8       0x44 C:/Users/lukas/git/bte5511_kropl2/Software/Release/arduino.ar(variant.cpp.o)
                0x00080df8                serialEventRun()
 .text._ZN5Print5writeEPKhj
                0x00080e3c       0x22 C:/Users/lukas/git/bte5511_kropl2/Software/Release/arduino.ar(Print.cpp.o)
                0x00080e3c                Print::write(unsigned char const*, unsigned int)
 .text._ZN5Print5printEmi.part.3
                0x00080e5e        0xc C:/Users/lukas/git/bte5511_kropl2/Software/Release/arduino.ar(Print.cpp.o)
 .text._ZN5Print5writeEPKc
                0x00080e6a       0x1e C:/Users/lukas/git/bte5511_kropl2/Software/Release/arduino.ar(Print.cpp.o)
                0x00080e6a                Print::write(char const*)
 .text._ZN5Print5printERK6String
                0x00080e88       0x10 C:/Users/lukas/git/bte5511_kropl2/Software/Release/arduino.ar(Print.cpp.o)
                0x00080e88                Print::print(String const&)
 .text._ZN5Print5printEPKc
                0x00080e98        0x8 C:/Users/lukas/git/bte5511_kropl2/Software/Release/arduino.ar(Print.cpp.o)
                0x00080e98                Print::print(char const*)
 .text._ZN5Print5printEc
                0x00080ea0        0xa C:/Users/lukas/git/bte5511_kropl2/Software/Release/arduino.ar(Print.cpp.o)
                0x00080ea0                Print::print(char)
 .text._ZN5Print11printNumberEmh
                0x00080eaa       0x3e C:/Users/lukas/git/bte5511_kropl2/Software/Release/arduino.ar(Print.cpp.o)
                0x00080eaa                Print::printNumber(unsigned long, unsigned char)
 .text._ZN5Print5printEli
                0x00080ee8       0x3c C:/Users/lukas/git/bte5511_kropl2/Software/Release/arduino.ar(Print.cpp.o)
                0x00080ee8                Print::print(long, int)
 .text._ZN5Print5printEii
                0x00080f24        0x4 C:/Users/lukas/git/bte5511_kropl2/Software/Release/arduino.ar(Print.cpp.o)
                0x00080f24                Print::print(int, int)
 .text._ZN5Print5printEmi
                0x00080f28        0xc C:/Users/lukas/git/bte5511_kropl2/Software/Release/arduino.ar(Print.cpp.o)
                0x00080f28                Print::print(unsigned long, int)
 .text._ZN5Print5printEji
                0x00080f34        0x4 C:/Users/lukas/git/bte5511_kropl2/Software/Release/arduino.ar(Print.cpp.o)
                0x00080f34                Print::print(unsigned int, int)
 .text._ZN10RingBufferC2Ev
                0x00080f38       0x1a C:/Users/lukas/git/bte5511_kropl2/Software/Release/arduino.ar(RingBuffer.cpp.o)
                0x00080f38                RingBuffer::RingBuffer()
                0x00080f38                RingBuffer::RingBuffer()
 .text._ZN10RingBuffer10store_charEh
                0x00080f52       0x1e C:/Users/lukas/git/bte5511_kropl2/Software/Release/arduino.ar(RingBuffer.cpp.o)
                0x00080f52                RingBuffer::store_char(unsigned char)
 .text._ZN9UARTClasscvbEv
                0x00080f70        0x4 C:/Users/lukas/git/bte5511_kropl2/Software/Release/arduino.ar(UARTClass.cpp.o)
                0x00080f70                UARTClass::operator bool()
 .text._ZN9UARTClass9availableEv
                0x00080f74       0x12 C:/Users/lukas/git/bte5511_kropl2/Software/Release/arduino.ar(UARTClass.cpp.o)
                0x00080f74                UARTClass::available()
 .text._ZN9UARTClass4peekEv
                0x00080f86       0x1c C:/Users/lukas/git/bte5511_kropl2/Software/Release/arduino.ar(UARTClass.cpp.o)
                0x00080f86                UARTClass::peek()
 .text._ZN9UARTClass4readEv
                0x00080fa2       0x2a C:/Users/lukas/git/bte5511_kropl2/Software/Release/arduino.ar(UARTClass.cpp.o)
                0x00080fa2                UARTClass::read()
 .text._ZN9UARTClass5flushEv
                0x00080fcc       0x18 C:/Users/lukas/git/bte5511_kropl2/Software/Release/arduino.ar(UARTClass.cpp.o)
                0x00080fcc                UARTClass::flush()
 .text._ZN9UARTClass5writeEh
                0x00080fe4       0x54 C:/Users/lukas/git/bte5511_kropl2/Software/Release/arduino.ar(UARTClass.cpp.o)
                0x00080fe4                UARTClass::write(unsigned char)
 .text._ZN9UARTClass3endEv
                0x00081038       0x3c C:/Users/lukas/git/bte5511_kropl2/Software/Release/arduino.ar(UARTClass.cpp.o)
                0x00081038                UARTClass::end()
 .text._ZN9UARTClassC2EP4Uart4IRQnmP10RingBufferS4_
                0x00081074       0x24 C:/Users/lukas/git/bte5511_kropl2/Software/Release/arduino.ar(UARTClass.cpp.o)
                0x00081074                UARTClass::UARTClass(Uart*, IRQn, unsigned long, RingBuffer*, RingBuffer*)
                0x00081074                UARTClass::UARTClass(Uart*, IRQn, unsigned long, RingBuffer*, RingBuffer*)
 .text._ZN9UARTClass4initEmm
                0x00081098       0x70 C:/Users/lukas/git/bte5511_kropl2/Software/Release/arduino.ar(UARTClass.cpp.o)
                0x00081098                UARTClass::init(unsigned long, unsigned long)
 .text._ZN9UARTClass5beginEm
                0x00081108        0x8 C:/Users/lukas/git/bte5511_kropl2/Software/Release/arduino.ar(UARTClass.cpp.o)
                0x00081108                UARTClass::begin(unsigned long)
 .text._ZN9UARTClass10IrqHandlerEv
                0x00081110       0x5a C:/Users/lukas/git/bte5511_kropl2/Software/Release/arduino.ar(UARTClass.cpp.o)
                0x00081110                UARTClass::IrqHandler()
 .text._ZN10USARTClass5beginEm
                0x0008116a        0x8 C:/Users/lukas/git/bte5511_kropl2/Software/Release/arduino.ar(USARTClass.cpp.o)
                0x0008116a                USARTClass::begin(unsigned long)
 *fill*         0x00081172        0x2 
 .text._ZN10USARTClassC2EP5Usart4IRQnmP10RingBufferS4_
                0x00081174       0x24 C:/Users/lukas/git/bte5511_kropl2/Software/Release/arduino.ar(USARTClass.cpp.o)
                0x00081174                USARTClass::USARTClass(Usart*, IRQn, unsigned long, RingBuffer*, RingBuffer*)
                0x00081174                USARTClass::USARTClass(Usart*, IRQn, unsigned long, RingBuffer*, RingBuffer*)
 .text._ZN10USARTClass5beginEmN9UARTClass9UARTModesE
                0x00081198        0x4 C:/Users/lukas/git/bte5511_kropl2/Software/Release/arduino.ar(USARTClass.cpp.o)
                0x00081198                USARTClass::begin(unsigned long, UARTClass::UARTModes)
 .text.PIOA_Handler
                0x0008119c       0x38 C:/Users/lukas/git/bte5511_kropl2/Software/Release/arduino.ar(WInterrupts.c.o)
                0x0008119c                PIOA_Handler
 .text.PIOB_Handler
                0x000811d4       0x38 C:/Users/lukas/git/bte5511_kropl2/Software/Release/arduino.ar(WInterrupts.c.o)
                0x000811d4                PIOB_Handler
 .text.PIOC_Handler
                0x0008120c       0x38 C:/Users/lukas/git/bte5511_kropl2/Software/Release/arduino.ar(WInterrupts.c.o)
                0x0008120c                PIOC_Handler
 .text.PIOD_Handler
                0x00081244       0x38 C:/Users/lukas/git/bte5511_kropl2/Software/Release/arduino.ar(WInterrupts.c.o)
                0x00081244                PIOD_Handler
 .text._ZNK6String14StringIfHelperEv
                0x0008127c        0x2 C:/Users/lukas/git/bte5511_kropl2/Software/Release/arduino.ar(WString.cpp.o)
                0x0008127c                String::StringIfHelper() const
 .text._ZN6StringD2Ev
                0x0008127e        0xe C:/Users/lukas/git/bte5511_kropl2/Software/Release/arduino.ar(WString.cpp.o)
                0x0008127e                String::~String()
                0x0008127e                String::~String()
 .text._ZN6String10invalidateEv
                0x0008128c       0x16 C:/Users/lukas/git/bte5511_kropl2/Software/Release/arduino.ar(WString.cpp.o)
                0x0008128c                String::invalidate()
 .text._ZN6String12changeBufferEj
                0x000812a2       0x18 C:/Users/lukas/git/bte5511_kropl2/Software/Release/arduino.ar(WString.cpp.o)
                0x000812a2                String::changeBuffer(unsigned int)
 .text._ZN6String7reserveEj
                0x000812ba       0x22 C:/Users/lukas/git/bte5511_kropl2/Software/Release/arduino.ar(WString.cpp.o)
                0x000812ba                String::reserve(unsigned int)
 .text._ZN6String4copyEPKcj
                0x000812dc       0x26 C:/Users/lukas/git/bte5511_kropl2/Software/Release/arduino.ar(WString.cpp.o)
                0x000812dc                String::copy(char const*, unsigned int)
 .text._ZN6StringC2EPKc
                0x00081302       0x24 C:/Users/lukas/git/bte5511_kropl2/Software/Release/arduino.ar(WString.cpp.o)
                0x00081302                String::String(char const*)
                0x00081302                String::String(char const*)
 *fill*         0x00081326        0x2 
 .text._ZN6String4moveERS_
                0x00081328       0x44 C:/Users/lukas/git/bte5511_kropl2/Software/Release/arduino.ar(WString.cpp.o)
                0x00081328                String::move(String&)
 .text._ZN6StringaSEO15StringSumHelper
                0x0008136c       0x10 C:/Users/lukas/git/bte5511_kropl2/Software/Release/arduino.ar(WString.cpp.o)
                0x0008136c                String::operator=(StringSumHelper&&)
 .text._ZN6StringaSEPKc
                0x0008137c       0x22 C:/Users/lukas/git/bte5511_kropl2/Software/Release/arduino.ar(WString.cpp.o)
                0x0008137c                String::operator=(char const*)
 .text._ZN6StringC2Eih
                0x0008139e       0x24 C:/Users/lukas/git/bte5511_kropl2/Software/Release/arduino.ar(WString.cpp.o)
                0x0008139e                String::String(int, unsigned char)
                0x0008139e                String::String(int, unsigned char)
 .text._ZN6String6concatEPKcj
                0x000813c2       0x2e C:/Users/lukas/git/bte5511_kropl2/Software/Release/arduino.ar(WString.cpp.o)
                0x000813c2                String::concat(char const*, unsigned int)
 .text._ZN6String6concatEPKc
                0x000813f0       0x1e C:/Users/lukas/git/bte5511_kropl2/Software/Release/arduino.ar(WString.cpp.o)
                0x000813f0                String::concat(char const*)
 .text._ZN6String6concatEi
                0x0008140e       0x22 C:/Users/lukas/git/bte5511_kropl2/Software/Release/arduino.ar(WString.cpp.o)
                0x0008140e                String::concat(int)
 .text.__halt   0x00081430        0x2 C:/Users/lukas/git/bte5511_kropl2/Software/Release/arduino.ar(cortex_handlers.c.o)
                0x00081430                DACC_Handler
                0x00081430                DebugMon_Handler
                0x00081430                DMAC_Handler
                0x00081430                TRNG_Handler
                0x00081430                HardFault_Handler
                0x00081430                TC2_Handler
                0x00081430                TWI1_Handler
                0x00081430                NMI_Handler
                0x00081430                TC7_Handler
                0x00081430                ADC_Handler
                0x00081430                SMC_Handler
                0x00081430                RTT_Handler
                0x00081430                EFC1_Handler
                0x00081430                RTC_Handler
                0x00081430                UsageFault_Handler
                0x00081430                TC6_Handler
                0x00081430                WDT_Handler
                0x00081430                CAN0_Handler
                0x00081430                TC4_Handler
                0x00081430                TC1_Handler
                0x00081430                HSMCI_Handler
                0x00081430                TC3_Handler
                0x00081430                TWI0_Handler
                0x00081430                SSC_Handler
                0x00081430                EFC0_Handler
                0x00081430                PMC_Handler
                0x00081430                PWM_Handler
                0x00081430                CAN1_Handler
                0x00081430                MemManage_Handler
                0x00081430                SUPC_Handler
                0x00081430                TC8_Handler
                0x00081430                USART2_Handler
                0x00081430                EMAC_Handler
                0x00081430                BusFault_Handler
                0x00081430                RSTC_Handler
                0x00081430                TC0_Handler
                0x00081430                TC5_Handler
                0x00081430                SPI0_Handler
 .text.SVC_Handler
                0x00081432        0x4 C:/Users/lukas/git/bte5511_kropl2/Software/Release/arduino.ar(cortex_handlers.c.o)
                0x00081432                SVC_Handler
 .text.PendSV_Handler
                0x00081436        0x4 C:/Users/lukas/git/bte5511_kropl2/Software/Release/arduino.ar(cortex_handlers.c.o)
                0x00081436                PendSV_Handler
 .text.SysTick_Handler
                0x0008143a       0x16 C:/Users/lukas/git/bte5511_kropl2/Software/Release/arduino.ar(cortex_handlers.c.o)
                0x0008143a                SysTick_Handler
 .text.__empty  0x00081450        0x2 C:/Users/lukas/git/bte5511_kropl2/Software/Release/arduino.ar(hooks.c.o)
                0x00081450                yield
 .text.__false  0x00081452        0x4 C:/Users/lukas/git/bte5511_kropl2/Software/Release/arduino.ar(hooks.c.o)
                0x00081452                sysTickHook
 .text.__halt   0x00081456        0x2 C:/Users/lukas/git/bte5511_kropl2/Software/Release/arduino.ar(hooks.c.o)
                0x00081456                svcHook
                0x00081456                pendSVHook
 .text.ltoa     0x00081458       0x6e C:/Users/lukas/git/bte5511_kropl2/Software/Release/arduino.ar(itoa.c.o)
                0x00081458                ltoa
 .text.itoa     0x000814c6        0x4 C:/Users/lukas/git/bte5511_kropl2/Software/Release/arduino.ar(itoa.c.o)
                0x000814c6                itoa
 .text.initVariant
                0x000814ca        0x2 C:/Users/lukas/git/bte5511_kropl2/Software/Release/arduino.ar(main.cpp.o)
                0x000814ca                initVariant
 .text.startup.main
                0x000814cc       0x38 C:/Users/lukas/git/bte5511_kropl2/Software/Release/arduino.ar(main.cpp.o)
                0x000814cc                main
 .text._sbrk    0x00081504       0x1c C:/Users/lukas/git/bte5511_kropl2/Software/Release/arduino.ar(syscalls_sam3.c.o)
                0x00081504                _sbrk
 .text.link     0x00081520        0x6 C:/Users/lukas/git/bte5511_kropl2/Software/Release/arduino.ar(syscalls_sam3.c.o)
                0x00081520                link
 .text._close   0x00081526        0x6 C:/Users/lukas/git/bte5511_kropl2/Software/Release/arduino.ar(syscalls_sam3.c.o)
                0x00081526                _close
 .text._fstat   0x0008152c        0xa C:/Users/lukas/git/bte5511_kropl2/Software/Release/arduino.ar(syscalls_sam3.c.o)
                0x0008152c                _fstat
 .text._isatty  0x00081536        0x4 C:/Users/lukas/git/bte5511_kropl2/Software/Release/arduino.ar(syscalls_sam3.c.o)
                0x00081536                _isatty
 .text._lseek   0x0008153a        0x4 C:/Users/lukas/git/bte5511_kropl2/Software/Release/arduino.ar(syscalls_sam3.c.o)
                0x0008153a                _lseek
 .text._read    0x0008153e        0x4 C:/Users/lukas/git/bte5511_kropl2/Software/Release/arduino.ar(syscalls_sam3.c.o)
                0x0008153e                _read
 *fill*         0x00081542        0x2 
 .text._write   0x00081544       0x24 C:/Users/lukas/git/bte5511_kropl2/Software/Release/arduino.ar(syscalls_sam3.c.o)
                0x00081544                _write
 .text._exit    0x00081568       0x10 C:/Users/lukas/git/bte5511_kropl2/Software/Release/arduino.ar(syscalls_sam3.c.o)
                0x00081568                _exit
 .text._kill    0x00081578        0x2 C:/Users/lukas/git/bte5511_kropl2/Software/Release/arduino.ar(syscalls_sam3.c.o)
                0x00081578                _kill
 .text._getpid  0x0008157a        0x6 C:/Users/lukas/git/bte5511_kropl2/Software/Release/arduino.ar(syscalls_sam3.c.o)
                0x0008157a                _getpid
 .text._watchdogDefaultSetup
                0x00081580        0xc C:/Users/lukas/git/bte5511_kropl2/Software/Release/arduino.ar(watchdog.cpp.o)
                0x00081580                _watchdogDefaultSetup
                0x00081580                watchdogSetup()
 .text.delay    0x0008158c       0x1c C:/Users/lukas/git/bte5511_kropl2/Software/Release/arduino.ar(wiring.c.o)
                0x0008158c                delay
 .text.analogOutputInit
                0x000815a8        0x2 C:/Users/lukas/git/bte5511_kropl2/Software/Release/arduino.ar(wiring_analog.c.o)
                0x000815a8                analogOutputInit
 *fill*         0x000815aa        0x2 
 .text.pinMode  0x000815ac      0x108 C:/Users/lukas/git/bte5511_kropl2/Software/Release/arduino.ar(wiring_digital.c.o)
                0x000815ac                pinMode
 .text.digitalWrite
                0x000816b4       0x70 C:/Users/lukas/git/bte5511_kropl2/Software/Release/arduino.ar(wiring_digital.c.o)
                0x000816b4                digitalWrite
 .text.digitalRead
                0x00081724       0x44 C:/Users/lukas/git/bte5511_kropl2/Software/Release/arduino.ar(wiring_digital.c.o)
                0x00081724                digitalRead
 .text.unlikely._ZL11USB_SendZlpv
                0x00081768       0x20 C:/Users/lukas/git/bte5511_kropl2/Software/Release/arduino.ar(USBCore.cpp.o)
 .text._Z14USBD_Availablem
                0x00081788       0x2c C:/Users/lukas/git/bte5511_kropl2/Software/Release/arduino.ar(USBCore.cpp.o)
                0x00081788                USBD_Available(unsigned long)
 .text._Z9USBD_RecvmPvm
                0x000817b4       0x7c C:/Users/lukas/git/bte5511_kropl2/Software/Release/arduino.ar(USBCore.cpp.o)
                0x000817b4                USBD_Recv(unsigned long, void*, unsigned long)
 .text._Z9USBD_Recvm
                0x00081830       0x22 C:/Users/lukas/git/bte5511_kropl2/Software/Release/arduino.ar(USBCore.cpp.o)
                0x00081830                USBD_Recv(unsigned long)
 *fill*         0x00081852        0x2 
 .text._Z9USBD_SendmPKvm
                0x00081854       0x4c C:/Users/lukas/git/bte5511_kropl2/Software/Release/arduino.ar(USBCore.cpp.o)
                0x00081854                USBD_Send(unsigned long, void const*, unsigned long)
 .text._Z16USBD_SendControlhPKvm
                0x000818a0       0x40 C:/Users/lukas/git/bte5511_kropl2/Software/Release/arduino.ar(USBCore.cpp.o)
                0x000818a0                USBD_SendControl(unsigned char, void const*, unsigned long)
 .text.unlikely._ZL24USB_SendStringDescriptorPKhi
                0x000818e0       0x64 C:/Users/lukas/git/bte5511_kropl2/Software/Release/arduino.ar(USBCore.cpp.o)
 .text._Z16USBD_RecvControlPvm
                0x00081944       0x1c C:/Users/lukas/git/bte5511_kropl2/Software/Release/arduino.ar(USBCore.cpp.o)
                0x00081944                USBD_RecvControl(void*, unsigned long)
 .text._Z26USBD_ClassInterfaceRequestR8USBSetup
                0x00081960       0x1e C:/Users/lukas/git/bte5511_kropl2/Software/Release/arduino.ar(USBCore.cpp.o)
                0x00081960                USBD_ClassInterfaceRequest(USBSetup&)
 .text._Z19USBD_SendInterfacesv
                0x0008197e       0x22 C:/Users/lukas/git/bte5511_kropl2/Software/Release/arduino.ar(USBCore.cpp.o)
                0x0008197e                USBD_SendInterfaces()
 .text._Z24USBD_SendOtherInterfacesv
                0x000819a0       0x22 C:/Users/lukas/git/bte5511_kropl2/Software/Release/arduino.ar(USBCore.cpp.o)
                0x000819a0                USBD_SendOtherInterfaces()
 .text._Z10USBD_Flushm
                0x000819c2       0x16 C:/Users/lukas/git/bte5511_kropl2/Software/Release/arduino.ar(USBCore.cpp.o)
                0x000819c2                USBD_Flush(unsigned long)
 .text._ZN10USBDevice_C2Ev
                0x000819d8       0x24 C:/Users/lukas/git/bte5511_kropl2/Software/Release/arduino.ar(USBCore.cpp.o)
                0x000819d8                USBDevice_::USBDevice_()
                0x000819d8                USBDevice_::USBDevice_()
 .text._ZN10USBDevice_6attachEv
                0x000819fc       0x20 C:/Users/lukas/git/bte5511_kropl2/Software/Release/arduino.ar(USBCore.cpp.o)
                0x000819fc                USBDevice_::attach()
 .text.startup._GLOBAL__sub_I_EndPoints
                0x00081a1c        0xc C:/Users/lukas/git/bte5511_kropl2/Software/Release/arduino.ar(USBCore.cpp.o)
 .text._ZL7USB_ISRv
                0x00081a28      0x454 C:/Users/lukas/git/bte5511_kropl2/Software/Release/arduino.ar(USBCore.cpp.o)
 .text.initiateReset
                0x00081e7c        0xc C:/Users/lukas/git/bte5511_kropl2/Software/Release/arduino.ar(Reset.cpp.o)
                0x00081e7c                initiateReset
 .text.cancelReset
                0x00081e88       0x10 C:/Users/lukas/git/bte5511_kropl2/Software/Release/arduino.ar(Reset.cpp.o)
                0x00081e88                cancelReset
 .text.tickReset
                0x00081e98       0x20 C:/Users/lukas/git/bte5511_kropl2/Software/Release/arduino.ar(Reset.cpp.o)
                0x00081e98                tickReset
 .text._ZN7Serial_9availableEv
                0x00081eb8       0x18 C:/Users/lukas/git/bte5511_kropl2/Software/Release/arduino.ar(CDC.cpp.o)
                0x00081eb8                Serial_::available()
 .text._ZN7Serial_17availableForWriteEv
                0x00081ed0        0x6 C:/Users/lukas/git/bte5511_kropl2/Software/Release/arduino.ar(CDC.cpp.o)
                0x00081ed0                Serial_::availableForWrite()
 *fill*         0x00081ed6        0x2 
 .text._ZN7Serial_4peekEv
                0x00081ed8       0x20 C:/Users/lukas/git/bte5511_kropl2/Software/Release/arduino.ar(CDC.cpp.o)
                0x00081ed8                Serial_::peek()
 .text._ZN7Serial_5writeEh
                0x00081ef8       0x16 C:/Users/lukas/git/bte5511_kropl2/Software/Release/arduino.ar(CDC.cpp.o)
                0x00081ef8                Serial_::write(unsigned char)
 *fill*         0x00081f0e        0x2 
 .text._ZN7Serial_4readEv
                0x00081f10       0x44 C:/Users/lukas/git/bte5511_kropl2/Software/Release/arduino.ar(CDC.cpp.o)
                0x00081f10                Serial_::read()
 .text._ZN7Serial_5flushEv
                0x00081f54        0x6 C:/Users/lukas/git/bte5511_kropl2/Software/Release/arduino.ar(CDC.cpp.o)
                0x00081f54                Serial_::flush()
 *fill*         0x00081f5a        0x2 
 .text._ZN7Serial_6acceptEv
                0x00081f5c       0x70 C:/Users/lukas/git/bte5511_kropl2/Software/Release/arduino.ar(CDC.cpp.o)
                0x00081f5c                Serial_::accept()
 .text._ZN7Serial_5writeEPKhj
                0x00081fcc       0x2c C:/Users/lukas/git/bte5511_kropl2/Software/Release/arduino.ar(CDC.cpp.o)
                0x00081fcc                Serial_::write(unsigned char const*, unsigned int)
 .text._Z16CDC_GetInterfacePh
                0x00081ff8       0x14 C:/Users/lukas/git/bte5511_kropl2/Software/Release/arduino.ar(CDC.cpp.o)
                0x00081ff8                CDC_GetInterface(unsigned char*)
 .text._Z21CDC_GetOtherInterfacePh
                0x0008200c       0x14 C:/Users/lukas/git/bte5511_kropl2/Software/Release/arduino.ar(CDC.cpp.o)
                0x0008200c                CDC_GetOtherInterface(unsigned char*)
 .text._Z9CDC_SetupR8USBSetup
                0x00082020       0x78 C:/Users/lukas/git/bte5511_kropl2/Software/Release/arduino.ar(CDC.cpp.o)
                0x00082020                CDC_Setup(USBSetup&)
 .text.startup._GLOBAL__sub_I_cdc_rx_buffer
                0x00082098       0x1c C:/Users/lukas/git/bte5511_kropl2/Software/Release/arduino.ar(CDC.cpp.o)
 .text._ZN13PluggableUSB_12getInterfaceEPh
                0x000820b4       0x28 C:/Users/lukas/git/bte5511_kropl2/Software/Release/arduino.ar(PluggableUSB.cpp.o)
                0x000820b4                PluggableUSB_::getInterface(unsigned char*)
 .text._ZN13PluggableUSB_13getDescriptorER8USBSetup
                0x000820dc       0x1c C:/Users/lukas/git/bte5511_kropl2/Software/Release/arduino.ar(PluggableUSB.cpp.o)
                0x000820dc                PluggableUSB_::getDescriptor(USBSetup&)
 .text._ZN13PluggableUSB_12getShortNameEPc
                0x000820f8       0x1c C:/Users/lukas/git/bte5511_kropl2/Software/Release/arduino.ar(PluggableUSB.cpp.o)
                0x000820f8                PluggableUSB_::getShortName(char*)
 .text._ZN13PluggableUSB_5setupER8USBSetup
                0x00082114       0x20 C:/Users/lukas/git/bte5511_kropl2/Software/Release/arduino.ar(PluggableUSB.cpp.o)
                0x00082114                PluggableUSB_::setup(USBSetup&)
 .text._Z12PluggableUSBv
                0x00082134       0x28 C:/Users/lukas/git/bte5511_kropl2/Software/Release/arduino.ar(PluggableUSB.cpp.o)
                0x00082134                PluggableUSB()
 .text.TimeTick_Increment
                0x0008215c       0x10 C:\eclipse\eclipse\arduinoPlugin\packages\arduino\hardware\sam\1.6.11\variants\arduino_due_x/libsam_sam3x8e_gcc_rel.a(timetick.o)
                0x0008215c                TimeTick_Increment
 .text.GetTickCount
                0x0008216c        0xc C:\eclipse\eclipse\arduinoPlugin\packages\arduino\hardware\sam\1.6.11\variants\arduino_due_x/libsam_sam3x8e_gcc_rel.a(timetick.o)
                0x0008216c                GetTickCount
 .text.WDT_Disable
                0x00082178        0x8 C:\eclipse\eclipse\arduinoPlugin\packages\arduino\hardware\sam\1.6.11\variants\arduino_due_x/libsam_sam3x8e_gcc_rel.a(wdt.o)
                0x00082178                WDT_Disable
 .text.SystemInit
                0x00082180       0x88 C:\eclipse\eclipse\arduinoPlugin\packages\arduino\hardware\sam\1.6.11\variants\arduino_due_x/libsam_sam3x8e_gcc_rel.a(system_sam3xa.o)
                0x00082180                SystemInit
 .text.adc_init
                0x00082208       0x98 C:\eclipse\eclipse\arduinoPlugin\packages\arduino\hardware\sam\1.6.11\variants\arduino_due_x/libsam_sam3x8e_gcc_rel.a(adc.o)
                0x00082208                adc_init
 .text.adc_configure_trigger
                0x000822a0        0xe C:\eclipse\eclipse\arduinoPlugin\packages\arduino\hardware\sam\1.6.11\variants\arduino_due_x/libsam_sam3x8e_gcc_rel.a(adc.o)
                0x000822a0                adc_configure_trigger
 .text.adc_configure_timing
                0x000822ae       0x1a C:\eclipse\eclipse\arduinoPlugin\packages\arduino\hardware\sam\1.6.11\variants\arduino_due_x/libsam_sam3x8e_gcc_rel.a(adc.o)
                0x000822ae                adc_configure_timing
 .text.adc_disable_channel
                0x000822c8        0xa C:\eclipse\eclipse\arduinoPlugin\packages\arduino\hardware\sam\1.6.11\variants\arduino_due_x/libsam_sam3x8e_gcc_rel.a(adc.o)
                0x000822c8                adc_disable_channel
 .text.adc_disable_all_channel
                0x000822d2        0x8 C:\eclipse\eclipse\arduinoPlugin\packages\arduino\hardware\sam\1.6.11\variants\arduino_due_x/libsam_sam3x8e_gcc_rel.a(adc.o)
                0x000822d2                adc_disable_all_channel
 .text.adc_disable_interrupt
                0x000822da        0x4 C:\eclipse\eclipse\arduinoPlugin\packages\arduino\hardware\sam\1.6.11\variants\arduino_due_x/libsam_sam3x8e_gcc_rel.a(adc.o)
                0x000822da                adc_disable_interrupt
 *fill*         0x000822de        0x2 
 .text.UDD_SetStack
                0x000822e0        0xc C:\eclipse\eclipse\arduinoPlugin\packages\arduino\hardware\sam\1.6.11\variants\arduino_due_x/libsam_sam3x8e_gcc_rel.a(uotghs_device.o)
                0x000822e0                UDD_SetStack
 .text.UDD_Init
                0x000822ec       0xd0 C:\eclipse\eclipse\arduinoPlugin\packages\arduino\hardware\sam\1.6.11\variants\arduino_due_x/libsam_sam3x8e_gcc_rel.a(uotghs_device.o)
                0x000822ec                UDD_Init
 .text.UDD_Attach
                0x000823bc       0x50 C:\eclipse\eclipse\arduinoPlugin\packages\arduino\hardware\sam\1.6.11\variants\arduino_due_x/libsam_sam3x8e_gcc_rel.a(uotghs_device.o)
                0x000823bc                UDD_Attach
 .text.UDD_InitEP
                0x0008240c       0x2c C:\eclipse\eclipse\arduinoPlugin\packages\arduino\hardware\sam\1.6.11\variants\arduino_due_x/libsam_sam3x8e_gcc_rel.a(uotghs_device.o)
                0x0008240c                UDD_InitEP
 .text.UDD_InitEndpoints
                0x00082438       0x3c C:\eclipse\eclipse\arduinoPlugin\packages\arduino\hardware\sam\1.6.11\variants\arduino_due_x/libsam_sam3x8e_gcc_rel.a(uotghs_device.o)
                0x00082438                UDD_InitEndpoints
 .text.UDD_WaitIN
                0x00082474       0x10 C:\eclipse\eclipse\arduinoPlugin\packages\arduino\hardware\sam\1.6.11\variants\arduino_due_x/libsam_sam3x8e_gcc_rel.a(uotghs_device.o)
                0x00082474                UDD_WaitIN
 .text.UDD_WaitOUT
                0x00082484       0x10 C:\eclipse\eclipse\arduinoPlugin\packages\arduino\hardware\sam\1.6.11\variants\arduino_due_x/libsam_sam3x8e_gcc_rel.a(uotghs_device.o)
                0x00082484                UDD_WaitOUT
 .text.UDD_ClearIN
                0x00082494       0x18 C:\eclipse\eclipse\arduinoPlugin\packages\arduino\hardware\sam\1.6.11\variants\arduino_due_x/libsam_sam3x8e_gcc_rel.a(uotghs_device.o)
                0x00082494                UDD_ClearIN
 .text.UDD_ClearOUT
                0x000824ac       0x18 C:\eclipse\eclipse\arduinoPlugin\packages\arduino\hardware\sam\1.6.11\variants\arduino_due_x/libsam_sam3x8e_gcc_rel.a(uotghs_device.o)
                0x000824ac                UDD_ClearOUT
 .text.UDD_ReceivedSetupInt
                0x000824c4       0x10 C:\eclipse\eclipse\arduinoPlugin\packages\arduino\hardware\sam\1.6.11\variants\arduino_due_x/libsam_sam3x8e_gcc_rel.a(uotghs_device.o)
                0x000824c4                UDD_ReceivedSetupInt
 .text.UDD_ClearSetupInt
                0x000824d4       0x10 C:\eclipse\eclipse\arduinoPlugin\packages\arduino\hardware\sam\1.6.11\variants\arduino_due_x/libsam_sam3x8e_gcc_rel.a(uotghs_device.o)
                0x000824d4                UDD_ClearSetupInt
 .text.UDD_Send
                0x000824e4       0x88 C:\eclipse\eclipse\arduinoPlugin\packages\arduino\hardware\sam\1.6.11\variants\arduino_due_x/libsam_sam3x8e_gcc_rel.a(uotghs_device.o)
                0x000824e4                UDD_Send
 .text.UDD_Send8
                0x0008256c       0x24 C:\eclipse\eclipse\arduinoPlugin\packages\arduino\hardware\sam\1.6.11\variants\arduino_due_x/libsam_sam3x8e_gcc_rel.a(uotghs_device.o)
                0x0008256c                UDD_Send8
 .text.UDD_Recv8
                0x00082590       0x28 C:\eclipse\eclipse\arduinoPlugin\packages\arduino\hardware\sam\1.6.11\variants\arduino_due_x/libsam_sam3x8e_gcc_rel.a(uotghs_device.o)
                0x00082590                UDD_Recv8
 .text.UDD_Recv
                0x000825b8       0x34 C:\eclipse\eclipse\arduinoPlugin\packages\arduino\hardware\sam\1.6.11\variants\arduino_due_x/libsam_sam3x8e_gcc_rel.a(uotghs_device.o)
                0x000825b8                UDD_Recv
 .text.UDD_Stall
                0x000825ec       0x14 C:\eclipse\eclipse\arduinoPlugin\packages\arduino\hardware\sam\1.6.11\variants\arduino_due_x/libsam_sam3x8e_gcc_rel.a(uotghs_device.o)
                0x000825ec                UDD_Stall
 .text.UDD_FifoByteCount
                0x00082600       0x14 C:\eclipse\eclipse\arduinoPlugin\packages\arduino\hardware\sam\1.6.11\variants\arduino_due_x/libsam_sam3x8e_gcc_rel.a(uotghs_device.o)
                0x00082600                UDD_FifoByteCount
 .text.UDD_ReleaseRX
                0x00082614       0x28 C:\eclipse\eclipse\arduinoPlugin\packages\arduino\hardware\sam\1.6.11\variants\arduino_due_x/libsam_sam3x8e_gcc_rel.a(uotghs_device.o)
                0x00082614                UDD_ReleaseRX
 .text.UDD_ReleaseTX
                0x0008263c       0x28 C:\eclipse\eclipse\arduinoPlugin\packages\arduino\hardware\sam\1.6.11\variants\arduino_due_x/libsam_sam3x8e_gcc_rel.a(uotghs_device.o)
                0x0008263c                UDD_ReleaseTX
 .text.UDD_SetAddress
                0x00082664       0x20 C:\eclipse\eclipse\arduinoPlugin\packages\arduino\hardware\sam\1.6.11\variants\arduino_due_x/libsam_sam3x8e_gcc_rel.a(uotghs_device.o)
                0x00082664                UDD_SetAddress
 .text.__libc_init_array
                0x00082684       0x50 c:/eclipse/eclipse/arduinoplugin/packages/arduino/tools/arm-none-eabi-gcc/4.8.3-2014q1/bin/../lib/gcc/arm-none-eabi/4.8.3/../../../../arm-none-eabi/lib/armv7-m\libg.a(lib_a-init.o)
                0x00082684                __libc_init_array
 .text.iprintf  0x000826d4       0x28 c:/eclipse/eclipse/arduinoplugin/packages/arduino/tools/arm-none-eabi-gcc/4.8.3-2014q1/bin/../lib/gcc/arm-none-eabi/4.8.3/../../../../arm-none-eabi/lib/armv7-m\libg.a(lib_a-iprintf.o)
                0x000826d4                iprintf
 .text.malloc   0x000826fc       0x10 c:/eclipse/eclipse/arduinoplugin/packages/arduino/tools/arm-none-eabi-gcc/4.8.3-2014q1/bin/../lib/gcc/arm-none-eabi/4.8.3/../../../../arm-none-eabi/lib/armv7-m\libg.a(lib_a-malloc.o)
                0x000826fc                malloc
 .text.free     0x0008270c       0x10 c:/eclipse/eclipse/arduinoplugin/packages/arduino/tools/arm-none-eabi-gcc/4.8.3-2014q1/bin/../lib/gcc/arm-none-eabi/4.8.3/../../../../arm-none-eabi/lib/armv7-m\libg.a(lib_a-malloc.o)
                0x0008270c                free
 .text._malloc_r
                0x0008271c      0x538 c:/eclipse/eclipse/arduinoplugin/packages/arduino/tools/arm-none-eabi-gcc/4.8.3-2014q1/bin/../lib/gcc/arm-none-eabi/4.8.3/../../../../arm-none-eabi/lib/armv7-m\libg.a(lib_a-mallocr.o)
                0x0008271c                _malloc_r
 .text          0x00082c54       0xec c:/eclipse/eclipse/arduinoplugin/packages/arduino/tools/arm-none-eabi-gcc/4.8.3-2014q1/bin/../lib/gcc/arm-none-eabi/4.8.3/../../../../arm-none-eabi/lib/armv7-m\libg.a(lib_a-memcpy.o)
                0x00082c54                memcpy
 .text.memmove  0x00082d40       0xcc c:/eclipse/eclipse/arduinoplugin/packages/arduino/tools/arm-none-eabi-gcc/4.8.3-2014q1/bin/../lib/gcc/arm-none-eabi/4.8.3/../../../../arm-none-eabi/lib/armv7-m\libg.a(lib_a-memmove.o)
                0x00082d40                memmove
 .text.memset   0x00082e0c       0x94 c:/eclipse/eclipse/arduinoplugin/packages/arduino/tools/arm-none-eabi-gcc/4.8.3-2014q1/bin/../lib/gcc/arm-none-eabi/4.8.3/../../../../arm-none-eabi/lib/armv7-m\libg.a(lib_a-memset.o)
                0x00082e0c                memset
 .text.__malloc_lock
                0x00082ea0        0x4 c:/eclipse/eclipse/arduinoplugin/packages/arduino/tools/arm-none-eabi-gcc/4.8.3-2014q1/bin/../lib/gcc/arm-none-eabi/4.8.3/../../../../arm-none-eabi/lib/armv7-m\libg.a(lib_a-mlock.o)
                0x00082ea0                __malloc_lock
 .text.__malloc_unlock
                0x00082ea4        0x4 c:/eclipse/eclipse/arduinoplugin/packages/arduino/tools/arm-none-eabi-gcc/4.8.3-2014q1/bin/../lib/gcc/arm-none-eabi/4.8.3/../../../../arm-none-eabi/lib/armv7-m\libg.a(lib_a-mlock.o)
                0x00082ea4                __malloc_unlock
 .text.realloc  0x00082ea8       0x10 c:/eclipse/eclipse/arduinoplugin/packages/arduino/tools/arm-none-eabi-gcc/4.8.3-2014q1/bin/../lib/gcc/arm-none-eabi/4.8.3/../../../../arm-none-eabi/lib/armv7-m\libg.a(lib_a-realloc.o)
                0x00082ea8                realloc
 .text._realloc_r
                0x00082eb8      0x3c0 c:/eclipse/eclipse/arduinoplugin/packages/arduino/tools/arm-none-eabi-gcc/4.8.3-2014q1/bin/../lib/gcc/arm-none-eabi/4.8.3/../../../../arm-none-eabi/lib/armv7-m\libg.a(lib_a-reallocr.o)
                0x00082eb8                _realloc_r
 .text._sbrk_r  0x00083278       0x24 c:/eclipse/eclipse/arduinoplugin/packages/arduino/tools/arm-none-eabi-gcc/4.8.3-2014q1/bin/../lib/gcc/arm-none-eabi/4.8.3/../../../../arm-none-eabi/lib/armv7-m\libg.a(lib_a-sbrkr.o)
                0x00083278                _sbrk_r
 .text.strcpy   0x0008329c       0xbc c:/eclipse/eclipse/arduinoplugin/packages/arduino/tools/arm-none-eabi-gcc/4.8.3-2014q1/bin/../lib/gcc/arm-none-eabi/4.8.3/../../../../arm-none-eabi/lib/armv7-m\libg.a(lib_a-strcpy.o)
                0x0008329c                strcpy
 .text.strlen   0x00083358       0x60 c:/eclipse/eclipse/arduinoplugin/packages/arduino/tools/arm-none-eabi-gcc/4.8.3-2014q1/bin/../lib/gcc/arm-none-eabi/4.8.3/../../../../arm-none-eabi/lib/armv7-m\libg.a(lib_a-strlen.o)
                0x00083358                strlen
 .text.kill     0x000833b8       0x10 c:/eclipse/eclipse/arduinoplugin/packages/arduino/tools/arm-none-eabi-gcc/4.8.3-2014q1/bin/../lib/gcc/arm-none-eabi/4.8.3/../../../../arm-none-eabi/lib/armv7-m\libg.a(lib_a-syskill.o)
                0x000833b8                kill
 .text.__sprint_r.part.0
                0x000833c8       0x78 c:/eclipse/eclipse/arduinoplugin/packages/arduino/tools/arm-none-eabi-gcc/4.8.3-2014q1/bin/../lib/gcc/arm-none-eabi/4.8.3/../../../../arm-none-eabi/lib/armv7-m\libg.a(lib_a-vfiprintf.o)
 .text._vfiprintf_r
                0x00083440      0xc54 c:/eclipse/eclipse/arduinoplugin/packages/arduino/tools/arm-none-eabi-gcc/4.8.3-2014q1/bin/../lib/gcc/arm-none-eabi/4.8.3/../../../../arm-none-eabi/lib/armv7-m\libg.a(lib_a-vfiprintf.o)
                0x00083440                _vfiprintf_r
 .text.__sbprintf
                0x00084094       0x7c c:/eclipse/eclipse/arduinoplugin/packages/arduino/tools/arm-none-eabi-gcc/4.8.3-2014q1/bin/../lib/gcc/arm-none-eabi/4.8.3/../../../../arm-none-eabi/lib/armv7-m\libg.a(lib_a-vfiprintf.o)
 .text.__swsetup_r
                0x00084110       0xc4 c:/eclipse/eclipse/arduinoplugin/packages/arduino/tools/arm-none-eabi-gcc/4.8.3-2014q1/bin/../lib/gcc/arm-none-eabi/4.8.3/../../../../arm-none-eabi/lib/armv7-m\libg.a(lib_a-wsetup.o)
                0x00084110                __swsetup_r
 .text.startup.register_fini
                0x000841d4       0x14 c:/eclipse/eclipse/arduinoplugin/packages/arduino/tools/arm-none-eabi-gcc/4.8.3-2014q1/bin/../lib/gcc/arm-none-eabi/4.8.3/../../../../arm-none-eabi/lib/armv7-m\libg.a(lib_a-__call_atexit.o)
 .text.atexit   0x000841e8        0xc c:/eclipse/eclipse/arduinoplugin/packages/arduino/tools/arm-none-eabi-gcc/4.8.3-2014q1/bin/../lib/gcc/arm-none-eabi/4.8.3/../../../../arm-none-eabi/lib/armv7-m\libg.a(lib_a-atexit.o)
                0x000841e8                atexit
 .text.__sflush_r
                0x000841f4      0x148 c:/eclipse/eclipse/arduinoplugin/packages/arduino/tools/arm-none-eabi-gcc/4.8.3-2014q1/bin/../lib/gcc/arm-none-eabi/4.8.3/../../../../arm-none-eabi/lib/armv7-m\libg.a(lib_a-fflush.o)
                0x000841f4                __sflush_r
 .text._fflush_r
                0x0008433c       0x2c c:/eclipse/eclipse/arduinoplugin/packages/arduino/tools/arm-none-eabi-gcc/4.8.3-2014q1/bin/../lib/gcc/arm-none-eabi/4.8.3/../../../../arm-none-eabi/lib/armv7-m\libg.a(lib_a-fflush.o)
                0x0008433c                _fflush_r
 .text._cleanup_r
                0x00084368        0xc c:/eclipse/eclipse/arduinoplugin/packages/arduino/tools/arm-none-eabi-gcc/4.8.3-2014q1/bin/../lib/gcc/arm-none-eabi/4.8.3/../../../../arm-none-eabi/lib/armv7-m\libg.a(lib_a-findfp.o)
                0x00084368                _cleanup_r
 .text.__sinit  0x00084374       0xf4 c:/eclipse/eclipse/arduinoplugin/packages/arduino/tools/arm-none-eabi-gcc/4.8.3-2014q1/bin/../lib/gcc/arm-none-eabi/4.8.3/../../../../arm-none-eabi/lib/armv7-m\libg.a(lib_a-findfp.o)
                0x00084374                __sinit
 .text.__sfp_lock_acquire
                0x00084468        0x4 c:/eclipse/eclipse/arduinoplugin/packages/arduino/tools/arm-none-eabi-gcc/4.8.3-2014q1/bin/../lib/gcc/arm-none-eabi/4.8.3/../../../../arm-none-eabi/lib/armv7-m\libg.a(lib_a-findfp.o)
                0x00084468                __sfp_lock_acquire
 .text.__sfp_lock_release
                0x0008446c        0x4 c:/eclipse/eclipse/arduinoplugin/packages/arduino/tools/arm-none-eabi-gcc/4.8.3-2014q1/bin/../lib/gcc/arm-none-eabi/4.8.3/../../../../arm-none-eabi/lib/armv7-m\libg.a(lib_a-findfp.o)
                0x0008446c                __sfp_lock_release
 .text.__libc_fini_array
                0x00084470       0x30 c:/eclipse/eclipse/arduinoplugin/packages/arduino/tools/arm-none-eabi-gcc/4.8.3-2014q1/bin/../lib/gcc/arm-none-eabi/4.8.3/../../../../arm-none-eabi/lib/armv7-m\libg.a(lib_a-fini.o)
                0x00084470                __libc_fini_array
 .text._fputwc_r
                0x000844a0       0xc0 c:/eclipse/eclipse/arduinoplugin/packages/arduino/tools/arm-none-eabi-gcc/4.8.3-2014q1/bin/../lib/gcc/arm-none-eabi/4.8.3/../../../../arm-none-eabi/lib/armv7-m\libg.a(lib_a-fputwc.o)
                0x000844a0                _fputwc_r
 .text._malloc_trim_r
                0x00084560       0x9c c:/eclipse/eclipse/arduinoplugin/packages/arduino/tools/arm-none-eabi-gcc/4.8.3-2014q1/bin/../lib/gcc/arm-none-eabi/4.8.3/../../../../arm-none-eabi/lib/armv7-m\libg.a(lib_a-freer.o)
                0x00084560                _malloc_trim_r
 .text._free_r  0x000845fc      0x198 c:/eclipse/eclipse/arduinoplugin/packages/arduino/tools/arm-none-eabi-gcc/4.8.3-2014q1/bin/../lib/gcc/arm-none-eabi/4.8.3/../../../../arm-none-eabi/lib/armv7-m\libg.a(lib_a-freer.o)
                0x000845fc                _free_r
 .text.__sfvwrite_r
                0x00084794      0x314 c:/eclipse/eclipse/arduinoplugin/packages/arduino/tools/arm-none-eabi-gcc/4.8.3-2014q1/bin/../lib/gcc/arm-none-eabi/4.8.3/../../../../arm-none-eabi/lib/armv7-m\libg.a(lib_a-fvwrite.o)
                0x00084794                __sfvwrite_r
 .text._fwalk   0x00084aa8       0x48 c:/eclipse/eclipse/arduinoplugin/packages/arduino/tools/arm-none-eabi-gcc/4.8.3-2014q1/bin/../lib/gcc/arm-none-eabi/4.8.3/../../../../arm-none-eabi/lib/armv7-m\libg.a(lib_a-fwalk.o)
                0x00084aa8                _fwalk
 .text.__locale_charset
                0x00084af0        0x8 c:/eclipse/eclipse/arduinoplugin/packages/arduino/tools/arm-none-eabi-gcc/4.8.3-2014q1/bin/../lib/gcc/arm-none-eabi/4.8.3/../../../../arm-none-eabi/lib/armv7-m\libg.a(lib_a-locale.o)
                0x00084af0                __locale_charset
 .text.__locale_mb_cur_max
                0x00084af8        0xc c:/eclipse/eclipse/arduinoplugin/packages/arduino/tools/arm-none-eabi-gcc/4.8.3-2014q1/bin/../lib/gcc/arm-none-eabi/4.8.3/../../../../arm-none-eabi/lib/armv7-m\libg.a(lib_a-locale.o)
                0x00084af8                __locale_mb_cur_max
 .text.__smakebuf_r
                0x00084b04       0xe0 c:/eclipse/eclipse/arduinoplugin/packages/arduino/tools/arm-none-eabi-gcc/4.8.3-2014q1/bin/../lib/gcc/arm-none-eabi/4.8.3/../../../../arm-none-eabi/lib/armv7-m\libg.a(lib_a-makebuf.o)
                0x00084b04                __smakebuf_r
 .text.memchr   0x00084be4       0x94 c:/eclipse/eclipse/arduinoplugin/packages/arduino/tools/arm-none-eabi-gcc/4.8.3-2014q1/bin/../lib/gcc/arm-none-eabi/4.8.3/../../../../arm-none-eabi/lib/armv7-m\libg.a(lib_a-memchr-stub.o)
                0x00084be4                memchr
 .text._kill_r  0x00084c78       0x28 c:/eclipse/eclipse/arduinoplugin/packages/arduino/tools/arm-none-eabi-gcc/4.8.3-2014q1/bin/../lib/gcc/arm-none-eabi/4.8.3/../../../../arm-none-eabi/lib/armv7-m\libg.a(lib_a-signalr.o)
                0x00084c78                _kill_r
 .text.__sread  0x00084ca0       0x24 c:/eclipse/eclipse/arduinoplugin/packages/arduino/tools/arm-none-eabi-gcc/4.8.3-2014q1/bin/../lib/gcc/arm-none-eabi/4.8.3/../../../../arm-none-eabi/lib/armv7-m\libg.a(lib_a-stdio.o)
                0x00084ca0                __sread
 .text.__swrite
                0x00084cc4       0x38 c:/eclipse/eclipse/arduinoplugin/packages/arduino/tools/arm-none-eabi-gcc/4.8.3-2014q1/bin/../lib/gcc/arm-none-eabi/4.8.3/../../../../arm-none-eabi/lib/armv7-m\libg.a(lib_a-stdio.o)
                0x00084cc4                __swrite
 .text.__sseek  0x00084cfc       0x20 c:/eclipse/eclipse/arduinoplugin/packages/arduino/tools/arm-none-eabi-gcc/4.8.3-2014q1/bin/../lib/gcc/arm-none-eabi/4.8.3/../../../../arm-none-eabi/lib/armv7-m\libg.a(lib_a-stdio.o)
                0x00084cfc                __sseek
 .text.__sclose
                0x00084d1c        0x8 c:/eclipse/eclipse/arduinoplugin/packages/arduino/tools/arm-none-eabi-gcc/4.8.3-2014q1/bin/../lib/gcc/arm-none-eabi/4.8.3/../../../../arm-none-eabi/lib/armv7-m\libg.a(lib_a-stdio.o)
                0x00084d1c                __sclose
 .text.__swbuf_r
                0x00084d24       0xa8 c:/eclipse/eclipse/arduinoplugin/packages/arduino/tools/arm-none-eabi-gcc/4.8.3-2014q1/bin/../lib/gcc/arm-none-eabi/4.8.3/../../../../arm-none-eabi/lib/armv7-m\libg.a(lib_a-wbuf.o)
                0x00084d24                __swbuf_r
 .text._wcrtomb_r
                0x00084dcc       0x50 c:/eclipse/eclipse/arduinoplugin/packages/arduino/tools/arm-none-eabi-gcc/4.8.3-2014q1/bin/../lib/gcc/arm-none-eabi/4.8.3/../../../../arm-none-eabi/lib/armv7-m\libg.a(lib_a-wcrtomb.o)
                0x00084dcc                _wcrtomb_r
 .text.__ascii_wctomb
                0x00084e1c       0x1c c:/eclipse/eclipse/arduinoplugin/packages/arduino/tools/arm-none-eabi-gcc/4.8.3-2014q1/bin/../lib/gcc/arm-none-eabi/4.8.3/../../../../arm-none-eabi/lib/armv7-m\libg.a(lib_a-wctomb_r.o)
                0x00084e1c                __ascii_wctomb
 .text._write_r
                0x00084e38       0x28 c:/eclipse/eclipse/arduinoplugin/packages/arduino/tools/arm-none-eabi-gcc/4.8.3-2014q1/bin/../lib/gcc/arm-none-eabi/4.8.3/../../../../arm-none-eabi/lib/armv7-m\libg.a(lib_a-writer.o)
                0x00084e38                _write_r
 .text.__register_exitproc
                0x00084e60       0xa8 c:/eclipse/eclipse/arduinoplugin/packages/arduino/tools/arm-none-eabi-gcc/4.8.3-2014q1/bin/../lib/gcc/arm-none-eabi/4.8.3/../../../../arm-none-eabi/lib/armv7-m\libg.a(lib_a-__atexit.o)
                0x00084e60                __register_exitproc
 .text._close_r
                0x00084f08       0x24 c:/eclipse/eclipse/arduinoplugin/packages/arduino/tools/arm-none-eabi-gcc/4.8.3-2014q1/bin/../lib/gcc/arm-none-eabi/4.8.3/../../../../arm-none-eabi/lib/armv7-m\libg.a(lib_a-closer.o)
                0x00084f08                _close_r
 .text._fclose_r
                0x00084f2c       0x80 c:/eclipse/eclipse/arduinoplugin/packages/arduino/tools/arm-none-eabi-gcc/4.8.3-2014q1/bin/../lib/gcc/arm-none-eabi/4.8.3/../../../../arm-none-eabi/lib/armv7-m\libg.a(lib_a-fclose.o)
                0x00084f2c                _fclose_r
 .text.fclose   0x00084fac       0x10 c:/eclipse/eclipse/arduinoplugin/packages/arduino/tools/arm-none-eabi-gcc/4.8.3-2014q1/bin/../lib/gcc/arm-none-eabi/4.8.3/../../../../arm-none-eabi/lib/armv7-m\libg.a(lib_a-fclose.o)
                0x00084fac                fclose
 .text._fstat_r
                0x00084fbc       0x28 c:/eclipse/eclipse/arduinoplugin/packages/arduino/tools/arm-none-eabi-gcc/4.8.3-2014q1/bin/../lib/gcc/arm-none-eabi/4.8.3/../../../../arm-none-eabi/lib/armv7-m\libg.a(lib_a-fstatr.o)
                0x00084fbc                _fstat_r
 .text._isatty_r
                0x00084fe4       0x24 c:/eclipse/eclipse/arduinoplugin/packages/arduino/tools/arm-none-eabi-gcc/4.8.3-2014q1/bin/../lib/gcc/arm-none-eabi/4.8.3/../../../../arm-none-eabi/lib/armv7-m\libg.a(lib_a-isattyr.o)
                0x00084fe4                _isatty_r
 .text._lseek_r
                0x00085008       0x28 c:/eclipse/eclipse/arduinoplugin/packages/arduino/tools/arm-none-eabi-gcc/4.8.3-2014q1/bin/../lib/gcc/arm-none-eabi/4.8.3/../../../../arm-none-eabi/lib/armv7-m\libg.a(lib_a-lseekr.o)
                0x00085008                _lseek_r
 .text._read_r  0x00085030       0x28 c:/eclipse/eclipse/arduinoplugin/packages/arduino/tools/arm-none-eabi-gcc/4.8.3-2014q1/bin/../lib/gcc/arm-none-eabi/4.8.3/../../../../arm-none-eabi/lib/armv7-m\libg.a(lib_a-readr.o)
                0x00085030                _read_r
 .text          0x00085058       0x2c c:/eclipse/eclipse/arduinoplugin/packages/arduino/tools/arm-none-eabi-gcc/4.8.3-2014q1/bin/../lib/gcc/arm-none-eabi/4.8.3/armv7-m\libgcc.a(_aeabi_uldivmod.o)
                0x00085058                __aeabi_uldivmod
 .text          0x00085084       0x60 c:/eclipse/eclipse/arduinoplugin/packages/arduino/tools/arm-none-eabi-gcc/4.8.3-2014q1/bin/../lib/gcc/arm-none-eabi/4.8.3/armv7-m\libgcc.a(bpabi.o)
                0x00085084                __gnu_ldivmod_helper
                0x000850b4                __gnu_uldivmod_helper
 .text          0x000850e4        0x4 c:/eclipse/eclipse/arduinoplugin/packages/arduino/tools/arm-none-eabi-gcc/4.8.3-2014q1/bin/../lib/gcc/arm-none-eabi/4.8.3/armv7-m\libgcc.a(_dvmd_tls.o)
                0x000850e4                __aeabi_idiv0
                0x000850e4                __aeabi_ldiv0
 .text          0x000850e8      0x2a0 c:/eclipse/eclipse/arduinoplugin/packages/arduino/tools/arm-none-eabi-gcc/4.8.3-2014q1/bin/../lib/gcc/arm-none-eabi/4.8.3/armv7-m\libgcc.a(_divdi3.o)
                0x000850e8                __divdi3
 .text          0x00085388      0x290 c:/eclipse/eclipse/arduinoplugin/packages/arduino/tools/arm-none-eabi-gcc/4.8.3-2014q1/bin/../lib/gcc/arm-none-eabi/4.8.3/armv7-m\libgcc.a(_udivdi3.o)
                0x00085388                __udivdi3
 *(.glue_7t)
 .glue_7t       0x00000000        0x0 linker stubs
 *(.glue_7)
 .glue_7        0x00000000        0x0 linker stubs
 *(.rodata .rodata* .gnu.linkonce.r.*)
 .rodata.str1.1
                0x00085618       0x31 .\IoLinkMaster.cpp.o
                                 0x34 (size before relaxing)
 .rodata.str1.1
                0x00085649       0xe1 .\libraries\max14824\src\max14824.cpp.o
                                 0xe3 (size before relaxing)
 *fill*         0x0008572a        0x2 
 .rodata.g_APinDescription
                0x0008572c      0xa2c C:/Users/lukas/git/bte5511_kropl2/Software/Release/arduino.ar(variant.cpp.o)
                0x0008572c                g_APinDescription
 .rodata._ZTV9UARTClass
                0x00086158       0x30 C:/Users/lukas/git/bte5511_kropl2/Software/Release/arduino.ar(UARTClass.cpp.o)
                0x00086158                vtable for UARTClass
 .rodata._ZTV10USARTClass
                0x00086188       0x30 C:/Users/lukas/git/bte5511_kropl2/Software/Release/arduino.ar(USARTClass.cpp.o)
                0x00086188                vtable for USARTClass
 .rodata.str1.1
                0x000861b8       0x19 C:/Users/lukas/git/bte5511_kropl2/Software/Release/arduino.ar(syscalls_sam3.c.o)
 .rodata.STRING_PRODUCT
                0x000861d1        0xc C:/Users/lukas/git/bte5511_kropl2/Software/Release/arduino.ar(USBCore.cpp.o)
                0x000861d1                STRING_PRODUCT
 .rodata.USB_DeviceDescriptor
                0x000861dd       0x12 C:/Users/lukas/git/bte5511_kropl2/Software/Release/arduino.ar(USBCore.cpp.o)
                0x000861dd                USB_DeviceDescriptor
 *fill*         0x000861ef        0x1 
 .rodata.STRING_LANGUAGE
                0x000861f0        0x4 C:/Users/lukas/git/bte5511_kropl2/Software/Release/arduino.ar(USBCore.cpp.o)
                0x000861f0                STRING_LANGUAGE
 .rodata._ZL18test_packet_buffer
                0x000861f4       0x35 C:/Users/lukas/git/bte5511_kropl2/Software/Release/arduino.ar(USBCore.cpp.o)
 .rodata.STRING_MANUFACTURER
                0x00086229        0xc C:/Users/lukas/git/bte5511_kropl2/Software/Release/arduino.ar(USBCore.cpp.o)
                0x00086229                STRING_MANUFACTURER
 .rodata.USB_DeviceDescriptorA
                0x00086235       0x12 C:/Users/lukas/git/bte5511_kropl2/Software/Release/arduino.ar(USBCore.cpp.o)
                0x00086235                USB_DeviceDescriptorA
 .rodata._ZL19USB_DeviceQualifier
                0x00086247        0x9 C:/Users/lukas/git/bte5511_kropl2/Software/Release/arduino.ar(USBCore.cpp.o)
 .rodata._ZTV7Serial_
                0x00086250       0x28 C:/Users/lukas/git/bte5511_kropl2/Software/Release/arduino.ar(CDC.cpp.o)
                0x00086250                vtable for Serial_
 .rodata._ZL18_cdcOtherInterface
                0x00086278       0x42 C:/Users/lukas/git/bte5511_kropl2/Software/Release/arduino.ar(CDC.cpp.o)
 .rodata._ZL13_cdcInterface
                0x000862ba       0x42 C:/Users/lukas/git/bte5511_kropl2/Software/Release/arduino.ar(CDC.cpp.o)
 .rodata        0x000862fc       0x40 C:\eclipse\eclipse\arduinoPlugin\packages\arduino\hardware\sam\1.6.11\variants\arduino_due_x/libsam_sam3x8e_gcc_rel.a(adc.o)
 .rodata.str1.4
                0x0008633c        0x2 c:/eclipse/eclipse/arduinoplugin/packages/arduino/tools/arm-none-eabi-gcc/4.8.3-2014q1/bin/../lib/gcc/arm-none-eabi/4.8.3/../../../../arm-none-eabi/lib/armv7-m\libg.a(lib_a-impure.o)
                                  0x4 (size before relaxing)
 *fill*         0x0008633e        0x2 
 .rodata._global_impure_ptr
                0x00086340        0x4 c:/eclipse/eclipse/arduinoplugin/packages/arduino/tools/arm-none-eabi-gcc/4.8.3-2014q1/bin/../lib/gcc/arm-none-eabi/4.8.3/../../../../arm-none-eabi/lib/armv7-m\libg.a(lib_a-impure.o)
                0x00086340                _global_impure_ptr
 .rodata.blanks.6717
                0x00086344       0x10 c:/eclipse/eclipse/arduinoplugin/packages/arduino/tools/arm-none-eabi-gcc/4.8.3-2014q1/bin/../lib/gcc/arm-none-eabi/4.8.3/../../../../arm-none-eabi/lib/armv7-m\libg.a(lib_a-vfiprintf.o)
 .rodata.str1.4
                0x00086354       0x30 c:/eclipse/eclipse/arduinoplugin/packages/arduino/tools/arm-none-eabi-gcc/4.8.3-2014q1/bin/../lib/gcc/arm-none-eabi/4.8.3/../../../../arm-none-eabi/lib/armv7-m\libg.a(lib_a-vfiprintf.o)
 .rodata.zeroes.6718
                0x00086384       0x10 c:/eclipse/eclipse/arduinoplugin/packages/arduino/tools/arm-none-eabi-gcc/4.8.3-2014q1/bin/../lib/gcc/arm-none-eabi/4.8.3/../../../../arm-none-eabi/lib/armv7-m\libg.a(lib_a-vfiprintf.o)
 *(.ARM.extab* .gnu.linkonce.armextab.*)
                0x00086394                . = ALIGN (0x4)
 *(.init)
 .init          0x00086394        0x4 c:/eclipse/eclipse/arduinoplugin/packages/arduino/tools/arm-none-eabi-gcc/4.8.3-2014q1/bin/../lib/gcc/arm-none-eabi/4.8.3/armv7-m/crti.o
                0x00086394                _init
 .init          0x00086398        0x8 c:/eclipse/eclipse/arduinoplugin/packages/arduino/tools/arm-none-eabi-gcc/4.8.3-2014q1/bin/../lib/gcc/arm-none-eabi/4.8.3/armv7-m/crtn.o
                0x000863a0                . = ALIGN (0x4)
                0x000863a0                __preinit_array_start = .
 *(.preinit_array)
                0x000863a0                __preinit_array_end = .
                0x000863a0                . = ALIGN (0x4)
                0x000863a0                __init_array_start = .
 *(SORT(.init_array.*))
 .init_array.00000
                0x000863a0        0x4 c:/eclipse/eclipse/arduinoplugin/packages/arduino/tools/arm-none-eabi-gcc/4.8.3-2014q1/bin/../lib/gcc/arm-none-eabi/4.8.3/../../../../arm-none-eabi/lib/armv7-m\libg.a(lib_a-__call_atexit.o)
 *(.init_array)
 .init_array    0x000863a4        0x4 c:/eclipse/eclipse/arduinoplugin/packages/arduino/tools/arm-none-eabi-gcc/4.8.3-2014q1/bin/../lib/gcc/arm-none-eabi/4.8.3/armv7-m/crtbegin.o
 .init_array    0x000863a8        0x4 .\libraries\SPI\src\SPI.cpp.o
 .init_array    0x000863ac        0x4 C:/Users/lukas/git/bte5511_kropl2/Software/Release/arduino.ar(variant.cpp.o)
 .init_array    0x000863b0        0x4 C:/Users/lukas/git/bte5511_kropl2/Software/Release/arduino.ar(USBCore.cpp.o)
 .init_array    0x000863b4        0x4 C:/Users/lukas/git/bte5511_kropl2/Software/Release/arduino.ar(CDC.cpp.o)
                0x000863b8                __init_array_end = .
                0x000863b8                . = ALIGN (0x4)
 *crtbegin.o(.ctors)
 *(EXCLUDE_FILE(*crtend.o) .ctors)
 *(SORT(.ctors.*))
 *crtend.o(.ctors)
                0x000863b8                . = ALIGN (0x4)
 *(.fini)
 .fini          0x000863b8        0x4 c:/eclipse/eclipse/arduinoplugin/packages/arduino/tools/arm-none-eabi-gcc/4.8.3-2014q1/bin/../lib/gcc/arm-none-eabi/4.8.3/armv7-m/crti.o
                0x000863b8                _fini
 .fini          0x000863bc        0x8 c:/eclipse/eclipse/arduinoplugin/packages/arduino/tools/arm-none-eabi-gcc/4.8.3-2014q1/bin/../lib/gcc/arm-none-eabi/4.8.3/armv7-m/crtn.o
                0x000863c4                . = ALIGN (0x4)
                0x000863c4                __fini_array_start = .
 *(.fini_array)
 .fini_array    0x000863c4        0x4 c:/eclipse/eclipse/arduinoplugin/packages/arduino/tools/arm-none-eabi-gcc/4.8.3-2014q1/bin/../lib/gcc/arm-none-eabi/4.8.3/armv7-m/crtbegin.o
 *(SORT(.fini_array.*))
                0x000863c8                __fini_array_end = .
 *crtbegin.o(.dtors)
 *(EXCLUDE_FILE(*crtend.o) .dtors)
 *(SORT(.dtors.*))
 *crtend.o(.dtors)
                0x000863c8                . = ALIGN (0x4)
                0x000863c8                _efixed = .
                0x000863c8                PROVIDE (__exidx_start, .)

.vfp11_veneer   0x000863c8        0x0
 .vfp11_veneer  0x00000000        0x0 linker stubs

.v4_bx          0x000863c8        0x0
 .v4_bx         0x00000000        0x0 linker stubs

.iplt           0x000863c8        0x0
 .iplt          0x00000000        0x0 c:/eclipse/eclipse/arduinoplugin/packages/arduino/tools/arm-none-eabi-gcc/4.8.3-2014q1/bin/../lib/gcc/arm-none-eabi/4.8.3/armv7-m/crtbegin.o

.ARM.exidx      0x000863c8        0x8
 *(.ARM.exidx* .gnu.linkonce.armexidx.*)
 .ARM.exidx     0x000863c8        0x8 c:/eclipse/eclipse/arduinoplugin/packages/arduino/tools/arm-none-eabi-gcc/4.8.3-2014q1/bin/../lib/gcc/arm-none-eabi/4.8.3/armv7-m\libgcc.a(_divdi3.o)
 .ARM.exidx     0x000863d0        0x0 c:/eclipse/eclipse/arduinoplugin/packages/arduino/tools/arm-none-eabi-gcc/4.8.3-2014q1/bin/../lib/gcc/arm-none-eabi/4.8.3/armv7-m\libgcc.a(_udivdi3.o)
                                  0x8 (size before relaxing)
                0x000863d0                PROVIDE (__exidx_end, .)

.eh_frame       0x000863d0        0x0
 .eh_frame      0x000863d0        0x0 c:/eclipse/eclipse/arduinoplugin/packages/arduino/tools/arm-none-eabi-gcc/4.8.3-2014q1/bin/../lib/gcc/arm-none-eabi/4.8.3/armv7-m/crtbegin.o

.rel.dyn        0x000863d0        0x0
 .rel.iplt      0x00000000        0x0 c:/eclipse/eclipse/arduinoplugin/packages/arduino/tools/arm-none-eabi-gcc/4.8.3-2014q1/bin/../lib/gcc/arm-none-eabi/4.8.3/armv7-m/crtbegin.o

.jcr            0x000863d0        0x0
 .jcr           0x000863d0        0x0 c:/eclipse/eclipse/arduinoplugin/packages/arduino/tools/arm-none-eabi-gcc/4.8.3-2014q1/bin/../lib/gcc/arm-none-eabi/4.8.3/armv7-m/crtbegin.o

.igot.plt       0x000863d0        0x0
 .igot.plt      0x00000000        0x0 c:/eclipse/eclipse/arduinoplugin/packages/arduino/tools/arm-none-eabi-gcc/4.8.3-2014q1/bin/../lib/gcc/arm-none-eabi/4.8.3/armv7-m/crtbegin.o
                0x000863d0                . = ALIGN (0x4)
                0x000863d0                _etext = .

.relocate       0x20070000      0x8d4 load address 0x000863d0
                0x20070000                . = ALIGN (0x4)
                0x20070000                _srelocate = .
 *(.ramfunc .ramfunc.*)
 .ramfunc       0x20070000       0x2c C:/Users/lukas/git/bte5511_kropl2/Software/Release/arduino.ar(Reset.cpp.o)
                0x20070000                banzai
 *(.data .data.*)
 .data.EndPoints
                0x2007002c       0x28 C:/Users/lukas/git/bte5511_kropl2/Software/Release/arduino.ar(USBCore.cpp.o)
                0x2007002c                EndPoints
 .data._ZL5ticks
                0x20070054        0x4 C:/Users/lukas/git/bte5511_kropl2/Software/Release/arduino.ar(Reset.cpp.o)
 .data._ZL10breakValue
                0x20070058        0x4 C:/Users/lukas/git/bte5511_kropl2/Software/Release/arduino.ar(CDC.cpp.o)
 .data._ZL12_usbLineInfo
                0x2007005c        0x8 C:/Users/lukas/git/bte5511_kropl2/Software/Release/arduino.ar(CDC.cpp.o)
 .data.SystemCoreClock
                0x20070064        0x4 C:\eclipse\eclipse\arduinoPlugin\packages\arduino\hardware\sam\1.6.11\variants\arduino_due_x/libsam_sam3x8e_gcc_rel.a(system_sam3xa.o)
                0x20070064                SystemCoreClock
 .data.g_interrupt_enabled
                0x20070068        0x4 C:\eclipse\eclipse\arduinoPlugin\packages\arduino\hardware\sam\1.6.11\variants\arduino_due_x/libsam_sam3x8e_gcc_rel.a(interrupt_sam_nvic.o)
                0x20070068                g_interrupt_enabled
 *fill*         0x2007006c        0x4 
 .data.impure_data
                0x20070070      0x428 c:/eclipse/eclipse/arduinoplugin/packages/arduino/tools/arm-none-eabi-gcc/4.8.3-2014q1/bin/../lib/gcc/arm-none-eabi/4.8.3/../../../../arm-none-eabi/lib/armv7-m\libg.a(lib_a-impure.o)
 .data._impure_ptr
                0x20070498        0x4 c:/eclipse/eclipse/arduinoplugin/packages/arduino/tools/arm-none-eabi-gcc/4.8.3-2014q1/bin/../lib/gcc/arm-none-eabi/4.8.3/../../../../arm-none-eabi/lib/armv7-m\libg.a(lib_a-impure.o)
                0x20070498                _impure_ptr
 .data.__malloc_av_
                0x2007049c      0x408 c:/eclipse/eclipse/arduinoplugin/packages/arduino/tools/arm-none-eabi-gcc/4.8.3-2014q1/bin/../lib/gcc/arm-none-eabi/4.8.3/../../../../arm-none-eabi/lib/armv7-m\libg.a(lib_a-mallocr.o)
                0x2007049c                __malloc_av_
 .data.__malloc_trim_threshold
                0x200708a4        0x4 c:/eclipse/eclipse/arduinoplugin/packages/arduino/tools/arm-none-eabi-gcc/4.8.3-2014q1/bin/../lib/gcc/arm-none-eabi/4.8.3/../../../../arm-none-eabi/lib/armv7-m\libg.a(lib_a-mallocr.o)
                0x200708a4                __malloc_trim_threshold
 .data.__malloc_sbrk_base
                0x200708a8        0x4 c:/eclipse/eclipse/arduinoplugin/packages/arduino/tools/arm-none-eabi-gcc/4.8.3-2014q1/bin/../lib/gcc/arm-none-eabi/4.8.3/../../../../arm-none-eabi/lib/armv7-m\libg.a(lib_a-mallocr.o)
                0x200708a8                __malloc_sbrk_base
 .data.lc_ctype_charset
                0x200708ac       0x20 c:/eclipse/eclipse/arduinoplugin/packages/arduino/tools/arm-none-eabi-gcc/4.8.3-2014q1/bin/../lib/gcc/arm-none-eabi/4.8.3/../../../../arm-none-eabi/lib/armv7-m\libg.a(lib_a-locale.o)
 .data.__mb_cur_max
                0x200708cc        0x4 c:/eclipse/eclipse/arduinoplugin/packages/arduino/tools/arm-none-eabi-gcc/4.8.3-2014q1/bin/../lib/gcc/arm-none-eabi/4.8.3/../../../../arm-none-eabi/lib/armv7-m\libg.a(lib_a-locale.o)
                0x200708cc                __mb_cur_max
 .data.__wctomb
                0x200708d0        0x4 c:/eclipse/eclipse/arduinoplugin/packages/arduino/tools/arm-none-eabi-gcc/4.8.3-2014q1/bin/../lib/gcc/arm-none-eabi/4.8.3/../../../../arm-none-eabi/lib/armv7-m\libg.a(lib_a-wctomb_r.o)
                0x200708d0                __wctomb
                0x200708d4                . = ALIGN (0x4)
                0x200708d4                _erelocate = .

.bss            0x200708d4      0xafc load address 0x00086ca4
                0x200708d4                . = ALIGN (0x4)
                0x200708d4                _sbss = .
                0x200708d4                _szero = .
 *(.bss .bss.*)
 .bss           0x200708d4       0x1c c:/eclipse/eclipse/arduinoplugin/packages/arduino/tools/arm-none-eabi-gcc/4.8.3-2014q1/bin/../lib/gcc/arm-none-eabi/4.8.3/armv7-m/crtbegin.o
 .bss.master0   0x200708f0       0x24 .\IoLinkMaster.cpp.o
                0x200708f0                master0
 .bss.master1   0x20070914       0x24 .\IoLinkMaster.cpp.o
                0x20070914                master1
 .bss.master2   0x20070938       0x24 .\IoLinkMaster.cpp.o
                0x20070938                master2
 .bss.master3   0x2007095c       0x24 .\IoLinkMaster.cpp.o
                0x2007095c                master3
 .bss.SPI       0x20070980       0x44 .\libraries\SPI\src\SPI.cpp.o
                0x20070980                SPI
 .bss.gpf_isr   0x200709c4        0x4 C:\eclipse\eclipse\arduinoPlugin\packages\arduino\hardware\sam\1.6.11\variants\arduino_due_x/libsam_sam3x8e_gcc_rel.a(uotghs.o)
                0x200709c4                gpf_isr
 .bss.tx_buffer2
                0x200709c8       0x88 C:/Users/lukas/git/bte5511_kropl2/Software/Release/arduino.ar(variant.cpp.o)
                0x200709c8                tx_buffer2
 .bss.tx_buffer1
                0x20070a50       0x88 C:/Users/lukas/git/bte5511_kropl2/Software/Release/arduino.ar(variant.cpp.o)
                0x20070a50                tx_buffer1
 .bss.Serial    0x20070ad8       0x24 C:/Users/lukas/git/bte5511_kropl2/Software/Release/arduino.ar(variant.cpp.o)
                0x20070ad8                Serial
 .bss.rx_buffer1
                0x20070afc       0x88 C:/Users/lukas/git/bte5511_kropl2/Software/Release/arduino.ar(variant.cpp.o)
                0x20070afc                rx_buffer1
 .bss.Serial1   0x20070b84       0x28 C:/Users/lukas/git/bte5511_kropl2/Software/Release/arduino.ar(variant.cpp.o)
                0x20070b84                Serial1
 .bss.Serial2   0x20070bac       0x28 C:/Users/lukas/git/bte5511_kropl2/Software/Release/arduino.ar(variant.cpp.o)
                0x20070bac                Serial2
 .bss.Serial3   0x20070bd4       0x28 C:/Users/lukas/git/bte5511_kropl2/Software/Release/arduino.ar(variant.cpp.o)
                0x20070bd4                Serial3
 .bss.tx_buffer3
                0x20070bfc       0x88 C:/Users/lukas/git/bte5511_kropl2/Software/Release/arduino.ar(variant.cpp.o)
                0x20070bfc                tx_buffer3
 .bss.tx_buffer4
                0x20070c84       0x88 C:/Users/lukas/git/bte5511_kropl2/Software/Release/arduino.ar(variant.cpp.o)
                0x20070c84                tx_buffer4
 .bss.g_pinStatus
                0x20070d0c       0x4f C:/Users/lukas/git/bte5511_kropl2/Software/Release/arduino.ar(variant.cpp.o)
                0x20070d0c                g_pinStatus
 *fill*         0x20070d5b        0x1 
 .bss.rx_buffer2
                0x20070d5c       0x88 C:/Users/lukas/git/bte5511_kropl2/Software/Release/arduino.ar(variant.cpp.o)
                0x20070d5c                rx_buffer2
 .bss.rx_buffer3
                0x20070de4       0x88 C:/Users/lukas/git/bte5511_kropl2/Software/Release/arduino.ar(variant.cpp.o)
                0x20070de4                rx_buffer3
 .bss.rx_buffer4
                0x20070e6c       0x88 C:/Users/lukas/git/bte5511_kropl2/Software/Release/arduino.ar(variant.cpp.o)
                0x20070e6c                rx_buffer4
 .bss.callbacksPioA
                0x20070ef4       0x80 C:/Users/lukas/git/bte5511_kropl2/Software/Release/arduino.ar(WInterrupts.c.o)
 .bss.callbacksPioB
                0x20070f74       0x80 C:/Users/lukas/git/bte5511_kropl2/Software/Release/arduino.ar(WInterrupts.c.o)
 .bss.callbacksPioC
                0x20070ff4       0x80 C:/Users/lukas/git/bte5511_kropl2/Software/Release/arduino.ar(WInterrupts.c.o)
 .bss.callbacksPioD
                0x20071074       0x80 C:/Users/lukas/git/bte5511_kropl2/Software/Release/arduino.ar(WInterrupts.c.o)
 .bss.heap.6420
                0x200710f4        0x4 C:/Users/lukas/git/bte5511_kropl2/Software/Release/arduino.ar(syscalls_sam3.c.o)
 .bss._cmark    0x200710f8        0x2 C:/Users/lukas/git/bte5511_kropl2/Software/Release/arduino.ar(USBCore.cpp.o)
                0x200710f8                _cmark
 .bss._ZL14isEndpointHalt
                0x200710fa        0x1 C:/Users/lukas/git/bte5511_kropl2/Software/Release/arduino.ar(USBCore.cpp.o)
 *fill*         0x200710fb        0x1 
 .bss._cdcComposite
                0x200710fc        0x4 C:/Users/lukas/git/bte5511_kropl2/Software/Release/arduino.ar(USBCore.cpp.o)
                0x200710fc                _cdcComposite
 .bss._ZL21isRemoteWakeUpEnabled
                0x20071100        0x1 C:/Users/lukas/git/bte5511_kropl2/Software/Release/arduino.ar(USBCore.cpp.o)
 *fill*         0x20071101        0x3 
 .bss._usbInitialized
                0x20071104        0x4 C:/Users/lukas/git/bte5511_kropl2/Software/Release/arduino.ar(USBCore.cpp.o)
                0x20071104                _usbInitialized
 .bss.USBDevice
                0x20071108        0x1 C:/Users/lukas/git/bte5511_kropl2/Software/Release/arduino.ar(USBCore.cpp.o)
                0x20071108                USBDevice
 *fill*         0x20071109        0x3 
 .bss._usbSetInterface
                0x2007110c        0x4 C:/Users/lukas/git/bte5511_kropl2/Software/Release/arduino.ar(USBCore.cpp.o)
                0x2007110c                _usbSetInterface
 .bss._cend     0x20071110        0x2 C:/Users/lukas/git/bte5511_kropl2/Software/Release/arduino.ar(USBCore.cpp.o)
                0x20071110                _cend
 *fill*         0x20071112        0x2 
 .bss._usbConfiguration
                0x20071114        0x4 C:/Users/lukas/git/bte5511_kropl2/Software/Release/arduino.ar(USBCore.cpp.o)
                0x20071114                _usbConfiguration
 .bss.cdc_rx_buffer
                0x20071118      0x208 C:/Users/lukas/git/bte5511_kropl2/Software/Release/arduino.ar(CDC.cpp.o)
                0x20071118                cdc_rx_buffer
 .bss._ZZN7Serial_6acceptEvE5guard
                0x20071320        0x4 C:/Users/lukas/git/bte5511_kropl2/Software/Release/arduino.ar(CDC.cpp.o)
 .bss.SerialUSB
                0x20071324       0x14 C:/Users/lukas/git/bte5511_kropl2/Software/Release/arduino.ar(CDC.cpp.o)
                0x20071324                SerialUSB
 .bss._ZZ12PluggableUSBvE3obj
                0x20071338        0x8 C:/Users/lukas/git/bte5511_kropl2/Software/Release/arduino.ar(PluggableUSB.cpp.o)
 .bss._ZGVZ12PluggableUSBvE3obj
                0x20071340        0x4 C:/Users/lukas/git/bte5511_kropl2/Software/Release/arduino.ar(PluggableUSB.cpp.o)
 .bss._dwTickCount
                0x20071344        0x4 C:\eclipse\eclipse\arduinoPlugin\packages\arduino\hardware\sam\1.6.11\variants\arduino_due_x/libsam_sam3x8e_gcc_rel.a(timetick.o)
 .bss.ul_recv_fifo_ptr
                0x20071348       0x28 C:\eclipse\eclipse\arduinoPlugin\packages\arduino\hardware\sam\1.6.11\variants\arduino_due_x/libsam_sam3x8e_gcc_rel.a(uotghs_device.o)
 .bss.ul_send_fifo_ptr
                0x20071370       0x28 C:\eclipse\eclipse\arduinoPlugin\packages\arduino\hardware\sam\1.6.11\variants\arduino_due_x/libsam_sam3x8e_gcc_rel.a(uotghs_device.o)
 .bss.__malloc_max_total_mem
                0x20071398        0x4 c:/eclipse/eclipse/arduinoplugin/packages/arduino/tools/arm-none-eabi-gcc/4.8.3-2014q1/bin/../lib/gcc/arm-none-eabi/4.8.3/../../../../arm-none-eabi/lib/armv7-m\libg.a(lib_a-mallocr.o)
                0x20071398                __malloc_max_total_mem
 .bss.__malloc_max_sbrked_mem
                0x2007139c        0x4 c:/eclipse/eclipse/arduinoplugin/packages/arduino/tools/arm-none-eabi-gcc/4.8.3-2014q1/bin/../lib/gcc/arm-none-eabi/4.8.3/../../../../arm-none-eabi/lib/armv7-m\libg.a(lib_a-mallocr.o)
                0x2007139c                __malloc_max_sbrked_mem
 .bss.__malloc_top_pad
                0x200713a0        0x4 c:/eclipse/eclipse/arduinoplugin/packages/arduino/tools/arm-none-eabi-gcc/4.8.3-2014q1/bin/../lib/gcc/arm-none-eabi/4.8.3/../../../../arm-none-eabi/lib/armv7-m\libg.a(lib_a-mallocr.o)
                0x200713a0                __malloc_top_pad
 .bss.__malloc_current_mallinfo
                0x200713a4       0x28 c:/eclipse/eclipse/arduinoplugin/packages/arduino/tools/arm-none-eabi-gcc/4.8.3-2014q1/bin/../lib/gcc/arm-none-eabi/4.8.3/../../../../arm-none-eabi/lib/armv7-m\libg.a(lib_a-mallocr.o)
                0x200713a4                __malloc_current_mallinfo
 *(COMMON)
 COMMON         0x200713cc        0x4 c:/eclipse/eclipse/arduinoplugin/packages/arduino/tools/arm-none-eabi-gcc/4.8.3-2014q1/bin/../lib/gcc/arm-none-eabi/4.8.3/../../../../arm-none-eabi/lib/armv7-m\libg.a(lib_a-reent.o)
                0x200713cc                errno
                0x200713d0                . = ALIGN (0x4)
                0x200713d0                _ebss = .
                0x200713d0                _ezero = .
                0x200713d0                . = ALIGN (0x4)
                0x200713d0                _end = .

.stack_dummy    0x200713d0        0x0
 *(.stack*)
                0x20088000                __StackTop = (ORIGIN (ram) + 0x18000)
                0x20088000                __StackLimit = (__StackTop - SIZEOF (.stack_dummy))
                0x20088000                PROVIDE (_sstack, __StackLimit)
                0x20088000                PROVIDE (_estack, __StackTop)
OUTPUT(C:\Users\lukas\git\bte5511_kropl2\Software/Release/IoLinkMaster.elf elf32-littlearm)

.ARM.attributes
                0x00000000       0x29
 .ARM.attributes
                0x00000000       0x1d c:/eclipse/eclipse/arduinoplugin/packages/arduino/tools/arm-none-eabi-gcc/4.8.3-2014q1/bin/../lib/gcc/arm-none-eabi/4.8.3/armv7-m/crti.o
 .ARM.attributes
                0x0000001d       0x2d c:/eclipse/eclipse/arduinoplugin/packages/arduino/tools/arm-none-eabi-gcc/4.8.3-2014q1/bin/../lib/gcc/arm-none-eabi/4.8.3/armv7-m/crtbegin.o
 .ARM.attributes
                0x0000004a       0x33 .\IoLinkMaster.cpp.o
 .ARM.attributes
                0x0000007d       0x33 .\libraries\max14824\src\max14824.cpp.o
 .ARM.attributes
                0x000000b0       0x33 .\libraries\SPI\src\SPI.cpp.o
 .ARM.attributes
                0x000000e3       0x33 C:\eclipse\eclipse\arduinoPlugin\packages\arduino\hardware\sam\1.6.11\variants\arduino_due_x/libsam_sam3x8e_gcc_rel.a(pio.o)
 .ARM.attributes
                0x00000116       0x33 C:\eclipse\eclipse\arduinoPlugin\packages\arduino\hardware\sam\1.6.11\variants\arduino_due_x/libsam_sam3x8e_gcc_rel.a(spi.o)
 .ARM.attributes
                0x00000149       0x33 C:\eclipse\eclipse\arduinoPlugin\packages\arduino\hardware\sam\1.6.11\variants\arduino_due_x/libsam_sam3x8e_gcc_rel.a(startup_sam3xa.o)
 .ARM.attributes
                0x0000017c       0x33 C:\eclipse\eclipse\arduinoPlugin\packages\arduino\hardware\sam\1.6.11\variants\arduino_due_x/libsam_sam3x8e_gcc_rel.a(uotghs.o)
 .ARM.attributes
                0x000001af       0x33 C:\eclipse\eclipse\arduinoPlugin\packages\arduino\hardware\sam\1.6.11\variants\arduino_due_x/libsam_sam3x8e_gcc_rel.a(pmc.o)
 .ARM.attributes
                0x000001e2       0x33 C:/Users/lukas/git/bte5511_kropl2/Software/Release/arduino.ar(variant.cpp.o)
 .ARM.attributes
                0x00000215       0x33 C:/Users/lukas/git/bte5511_kropl2/Software/Release/arduino.ar(Print.cpp.o)
 .ARM.attributes
                0x00000248       0x33 C:/Users/lukas/git/bte5511_kropl2/Software/Release/arduino.ar(RingBuffer.cpp.o)
 .ARM.attributes
                0x0000027b       0x33 C:/Users/lukas/git/bte5511_kropl2/Software/Release/arduino.ar(UARTClass.cpp.o)
 .ARM.attributes
                0x000002ae       0x33 C:/Users/lukas/git/bte5511_kropl2/Software/Release/arduino.ar(USARTClass.cpp.o)
 .ARM.attributes
                0x000002e1       0x33 C:/Users/lukas/git/bte5511_kropl2/Software/Release/arduino.ar(WInterrupts.c.o)
 .ARM.attributes
                0x00000314       0x33 C:/Users/lukas/git/bte5511_kropl2/Software/Release/arduino.ar(WString.cpp.o)
 .ARM.attributes
                0x00000347       0x33 C:/Users/lukas/git/bte5511_kropl2/Software/Release/arduino.ar(cortex_handlers.c.o)
 .ARM.attributes
                0x0000037a       0x33 C:/Users/lukas/git/bte5511_kropl2/Software/Release/arduino.ar(hooks.c.o)
 .ARM.attributes
                0x000003ad       0x33 C:/Users/lukas/git/bte5511_kropl2/Software/Release/arduino.ar(itoa.c.o)
 .ARM.attributes
                0x000003e0       0x33 C:/Users/lukas/git/bte5511_kropl2/Software/Release/arduino.ar(main.cpp.o)
 .ARM.attributes
                0x00000413       0x33 C:/Users/lukas/git/bte5511_kropl2/Software/Release/arduino.ar(syscalls_sam3.c.o)
 .ARM.attributes
                0x00000446       0x33 C:/Users/lukas/git/bte5511_kropl2/Software/Release/arduino.ar(watchdog.cpp.o)
 .ARM.attributes
                0x00000479       0x33 C:/Users/lukas/git/bte5511_kropl2/Software/Release/arduino.ar(wiring.c.o)
 .ARM.attributes
                0x000004ac       0x33 C:/Users/lukas/git/bte5511_kropl2/Software/Release/arduino.ar(wiring_analog.c.o)
 .ARM.attributes
                0x000004df       0x33 C:/Users/lukas/git/bte5511_kropl2/Software/Release/arduino.ar(wiring_digital.c.o)
 .ARM.attributes
                0x00000512       0x33 C:/Users/lukas/git/bte5511_kropl2/Software/Release/arduino.ar(USBCore.cpp.o)
 .ARM.attributes
                0x00000545       0x33 C:/Users/lukas/git/bte5511_kropl2/Software/Release/arduino.ar(Reset.cpp.o)
 .ARM.attributes
                0x00000578       0x33 C:/Users/lukas/git/bte5511_kropl2/Software/Release/arduino.ar(CDC.cpp.o)
 .ARM.attributes
                0x000005ab       0x33 C:/Users/lukas/git/bte5511_kropl2/Software/Release/arduino.ar(PluggableUSB.cpp.o)
 .ARM.attributes
                0x000005de       0x33 C:\eclipse\eclipse\arduinoPlugin\packages\arduino\hardware\sam\1.6.11\variants\arduino_due_x/libsam_sam3x8e_gcc_rel.a(timetick.o)
 .ARM.attributes
                0x00000611       0x33 C:\eclipse\eclipse\arduinoPlugin\packages\arduino\hardware\sam\1.6.11\variants\arduino_due_x/libsam_sam3x8e_gcc_rel.a(wdt.o)
 .ARM.attributes
                0x00000644       0x33 C:\eclipse\eclipse\arduinoPlugin\packages\arduino\hardware\sam\1.6.11\variants\arduino_due_x/libsam_sam3x8e_gcc_rel.a(system_sam3xa.o)
 .ARM.attributes
                0x00000677       0x33 C:\eclipse\eclipse\arduinoPlugin\packages\arduino\hardware\sam\1.6.11\variants\arduino_due_x/libsam_sam3x8e_gcc_rel.a(adc.o)
 .ARM.attributes
                0x000006aa       0x33 C:\eclipse\eclipse\arduinoPlugin\packages\arduino\hardware\sam\1.6.11\variants\arduino_due_x/libsam_sam3x8e_gcc_rel.a(interrupt_sam_nvic.o)
 .ARM.attributes
                0x000006dd       0x33 C:\eclipse\eclipse\arduinoPlugin\packages\arduino\hardware\sam\1.6.11\variants\arduino_due_x/libsam_sam3x8e_gcc_rel.a(uotghs_device.o)
 .ARM.attributes
                0x00000710       0x2d c:/eclipse/eclipse/arduinoplugin/packages/arduino/tools/arm-none-eabi-gcc/4.8.3-2014q1/bin/../lib/gcc/arm-none-eabi/4.8.3/../../../../arm-none-eabi/lib/armv7-m\libg.a(lib_a-impure.o)
 .ARM.attributes
                0x0000073d       0x2d c:/eclipse/eclipse/arduinoplugin/packages/arduino/tools/arm-none-eabi-gcc/4.8.3-2014q1/bin/../lib/gcc/arm-none-eabi/4.8.3/../../../../arm-none-eabi/lib/armv7-m\libg.a(lib_a-init.o)
 .ARM.attributes
                0x0000076a       0x2d c:/eclipse/eclipse/arduinoplugin/packages/arduino/tools/arm-none-eabi-gcc/4.8.3-2014q1/bin/../lib/gcc/arm-none-eabi/4.8.3/../../../../arm-none-eabi/lib/armv7-m\libg.a(lib_a-iprintf.o)
 .ARM.attributes
                0x00000797       0x2d c:/eclipse/eclipse/arduinoplugin/packages/arduino/tools/arm-none-eabi-gcc/4.8.3-2014q1/bin/../lib/gcc/arm-none-eabi/4.8.3/../../../../arm-none-eabi/lib/armv7-m\libg.a(lib_a-malloc.o)
 .ARM.attributes
                0x000007c4       0x2d c:/eclipse/eclipse/arduinoplugin/packages/arduino/tools/arm-none-eabi-gcc/4.8.3-2014q1/bin/../lib/gcc/arm-none-eabi/4.8.3/../../../../arm-none-eabi/lib/armv7-m\libg.a(lib_a-mallocr.o)
 .ARM.attributes
                0x000007f1       0x1b c:/eclipse/eclipse/arduinoplugin/packages/arduino/tools/arm-none-eabi-gcc/4.8.3-2014q1/bin/../lib/gcc/arm-none-eabi/4.8.3/../../../../arm-none-eabi/lib/armv7-m\libg.a(lib_a-memcpy.o)
 .ARM.attributes
                0x0000080c       0x2d c:/eclipse/eclipse/arduinoplugin/packages/arduino/tools/arm-none-eabi-gcc/4.8.3-2014q1/bin/../lib/gcc/arm-none-eabi/4.8.3/../../../../arm-none-eabi/lib/armv7-m\libg.a(lib_a-memmove.o)
 .ARM.attributes
                0x00000839       0x2d c:/eclipse/eclipse/arduinoplugin/packages/arduino/tools/arm-none-eabi-gcc/4.8.3-2014q1/bin/../lib/gcc/arm-none-eabi/4.8.3/../../../../arm-none-eabi/lib/armv7-m\libg.a(lib_a-memset.o)
 .ARM.attributes
                0x00000866       0x2d c:/eclipse/eclipse/arduinoplugin/packages/arduino/tools/arm-none-eabi-gcc/4.8.3-2014q1/bin/../lib/gcc/arm-none-eabi/4.8.3/../../../../arm-none-eabi/lib/armv7-m\libg.a(lib_a-mlock.o)
 .ARM.attributes
                0x00000893       0x2d c:/eclipse/eclipse/arduinoplugin/packages/arduino/tools/arm-none-eabi-gcc/4.8.3-2014q1/bin/../lib/gcc/arm-none-eabi/4.8.3/../../../../arm-none-eabi/lib/armv7-m\libg.a(lib_a-realloc.o)
 .ARM.attributes
                0x000008c0       0x2d c:/eclipse/eclipse/arduinoplugin/packages/arduino/tools/arm-none-eabi-gcc/4.8.3-2014q1/bin/../lib/gcc/arm-none-eabi/4.8.3/../../../../arm-none-eabi/lib/armv7-m\libg.a(lib_a-reallocr.o)
 .ARM.attributes
                0x000008ed       0x2d c:/eclipse/eclipse/arduinoplugin/packages/arduino/tools/arm-none-eabi-gcc/4.8.3-2014q1/bin/../lib/gcc/arm-none-eabi/4.8.3/../../../../arm-none-eabi/lib/armv7-m\libg.a(lib_a-sbrkr.o)
 .ARM.attributes
                0x0000091a       0x2d c:/eclipse/eclipse/arduinoplugin/packages/arduino/tools/arm-none-eabi-gcc/4.8.3-2014q1/bin/../lib/gcc/arm-none-eabi/4.8.3/../../../../arm-none-eabi/lib/armv7-m\libg.a(lib_a-strcpy.o)
 .ARM.attributes
                0x00000947       0x2d c:/eclipse/eclipse/arduinoplugin/packages/arduino/tools/arm-none-eabi-gcc/4.8.3-2014q1/bin/../lib/gcc/arm-none-eabi/4.8.3/../../../../arm-none-eabi/lib/armv7-m\libg.a(lib_a-strlen.o)
 .ARM.attributes
                0x00000974       0x2d c:/eclipse/eclipse/arduinoplugin/packages/arduino/tools/arm-none-eabi-gcc/4.8.3-2014q1/bin/../lib/gcc/arm-none-eabi/4.8.3/../../../../arm-none-eabi/lib/armv7-m\libg.a(lib_a-syskill.o)
 .ARM.attributes
                0x000009a1       0x2d c:/eclipse/eclipse/arduinoplugin/packages/arduino/tools/arm-none-eabi-gcc/4.8.3-2014q1/bin/../lib/gcc/arm-none-eabi/4.8.3/../../../../arm-none-eabi/lib/armv7-m\libg.a(lib_a-vfiprintf.o)
 .ARM.attributes